[Licensing::Module] Trying to connect to existing licensing client channel...
Built from '6000.6/staging' branch; Version is '6000.6.3f1 (45d8eee7de74) revision 4577518'; Using compiler version '194234433'; Build Type 'Release'
[Licensing::IpcConnector] Successfully connected to: "LicenseClient-ethan" at "2026-09-28T13:03:34.9329797Z"
OS: 'Windows 11  (10.0.26200) Core' Language: 'en' Physical Memory: 16220 MB
BatchMode: 1, IsHumanControllingUs: 0, StartBugReporterOnCrash: 0, Is64bit: 1
System  architecture: x64
Process architecture: x64
Date: 2026-09-28T13:03:34Z
[Licensing::Client] Code 10 while verifying Licensing Client signature (process Id: 25832, path: "C:/Program Files/Unity Hub/UnityLicensingClient_V1/Unity.Licensing.Client.exe")
[Licensing::Module] LicensingClient has failed validation; ignoring
[Licensing::Client] Handshaking with LicensingClient:
  Version:                 1.18.3+d7ffd15
  Session Id:              38fcf990ccfa476aa84b3d6580a1e39e
  Correlation Id:          f733b4adbc124dc30629cc872d5615a7
  External correlation Id: 1275637892471137746
  Machine Id:              hQSWSTZp2GHylM8FJMoQ2DFfraQ=
[Licensing::Module] Successfully connected to LicensingClient on channel: "LicenseClient-ethan" (connect: 0.00s, validation: 0.00s, handshake: 0.04s)
[Licensing::IpcConnector] Successfully connected to: "LicenseClient-ethan-notifications" at "2026-09-28T13:03:34.9714862Z"
[Licensing::Module] Licensing Background thread has ended after 0.04s

COMMAND LINE ARGUMENTS:
C:\Program Files\Unity\Hub\Editor\6000.6.3f1\Editor\Unity.exe
-adb2
-batchMode
-noUpm
-name
AssetImportWorkerHW0
-projectPath
C:/Users/ethan/OneDrive/Documents/GitHub/slopgame
-logFile
Logs/AssetImportWorkerHW0.log
-srvPort
49218
-parentPid
5656
-analyticsCloudUserId
anonymous
-analyticsLocalProjectId
025414a51c7812e41ac10ee0c593dbbe
-editorAnalyticsEnabled
1
-cbmEditorLicense
6bcd35058dc61de7500c9914d035b1f309db2707
-cbmMachineId
hQSWSTZp2GHylM8FJMoQ2DFfraQ=
-licensingIpc
LicenseClient-ethan
-noDiagnosticSwitchPersistentStore
-job-worker-count
5
-background-job-worker-count
8
-asset-garbage-collectors
1
-force-d3d12
-name
AssetImport
Successfully changed project path to: C:/Users/ethan/OneDrive/Documents/GitHub/slopgame
C:/Users/ethan/OneDrive/Documents/GitHub/slopgame
[UnityMemory] Configuration Parameters - Can be set up in boot.config
    "memorysetup-temp-allocator-size-gi-baking-worker=262144"
    "memorysetup-temp-allocator-size-gi-baking-worker=262144"
    "memorysetup-temp-allocator-size-gi-baking-worker=262144"
    "memorysetup-temp-allocator-size-gi-baking-worker=262144"
    "memorysetup-temp-allocator-size-gi-baking-worker=262144"
    "memorysetup-temp-allocator-size-nav-mesh-worker=65536"
    "memorysetup-temp-allocator-size-audio-worker=65536"
    "memorysetup-temp-allocator-size-cloud-worker=32768"
    "memorysetup-temp-allocator-size-gfx=262144"
    "memorysetup-remapper-allocator-initial-capacity=32768"
    "memorysetup-temp-allocator-size-preload-manager=33554432"
    "memorysetup-allocator-temp-initial-block-size-main=262144"
    "memorysetup-allocator-temp-initial-block-size-worker=262144"
    "memorysetup-temp-allocator-size-job-worker=262144"
    "memorysetup-temp-allocator-size-background-worker=32768"
    "memorysetup-bucket-allocator-granularity=16"
    "memorysetup-bucket-allocator-bucket-count=8"
    "memorysetup-bucket-allocator-block-size=33554432"
    "memorysetup-bucket-allocator-block-count=8"
    "memorysetup-main-allocator-block-size=16777216"
    "memorysetup-thread-allocator-block-size=16777216"
    "memorysetup-main-allocator-mimalloc-enabled=1"
    "memorysetup-gfx-main-allocator-block-size=16777216"
    "memorysetup-gfx-thread-allocator-block-size=16777216"
    "memorysetup-cache-allocator-block-size=4194304"
    "memorysetup-typetree-allocator-block-size=2097152"
    "memorysetup-profiler-bucket-allocator-granularity=16"
    "memorysetup-profiler-bucket-allocator-bucket-count=8"
    "memorysetup-profiler-bucket-allocator-block-size=33554432"
    "memorysetup-profiler-bucket-allocator-block-count=8"
    "memorysetup-profiler-allocator-block-size=16777216"
    "memorysetup-profiler-editor-allocator-block-size=1048576"
    "memorysetup-temp-allocator-size-main=16777216"
    "memorysetup-job-temp-allocator-block-size=2097152"
    "memorysetup-job-temp-allocator-block-size-background=1048576"
    "memorysetup-job-temp-allocator-reduction-small-platforms=262144"
Player connection [2784]  Target information:

Player connection [2784]  * "[IP] 192.168.1.195 [Port] 0 [Flags] 2 [Guid] 1453083537 [EditorId] 1453083537 [Version] 1048832 [Id] WindowsEditor(7,ethan) [Debug] 1 [PackageName] WindowsEditor [ProjectName] Editor" 

Player connection [2784] Host joined multi-casting on [225.0.0.222:54997]...
Player connection [2784] Host joined alternative multi-casting on [225.0.0.222:34997]...
JobSystem: Creating JobQueue using job-worker-count value 5
Input System module state changed to: Initialized.
[Physics::Module] Initialized fallback backend.
[Physics::Module] Id: 0xdecafbad
Library Redirect Path: Library/
Initialising UDS system complete:
  - System type: Client
  - Resource namespace: 208ab9a6e2328849489e810dbab0b831
  - Shared memory size: 1073741824
  - Command buffer id: 1052576
  - Command buffer size: 8192
  - Hashmap size: 4194304
  - Service connected: true
  - Service working directory: Library/DataStore/
[Physics::Module] Selected backend (deferred post-plugins).
[Physics::Module] Name: PhysX
[Physics::Module] Id: 0xf2b8ea05
[Physics::Module] SDK Version: 4.1.2
[Physics::Module] Integration Version: 1.0.0
[Physics::Module] Threading Mode: Multi-Threaded
Initialize engine version: 6000.6.3f1 (45d8eee7de74)
[EntityIdStore] init: VM path (explicit commit), pageSize=4096, blockCount=1048576, entitiesPerBlock=256, slots reserved=4294967296 bytes
[Subsystems] Discovering subsystems at path C:/Program Files/Unity/Hub/Editor/6000.6.3f1/Editor/Data/Resources/UnitySubsystems
[Subsystems] Discovering subsystems at path C:/Users/ethan/OneDrive/Documents/GitHub/slopgame/Assets
Forcing GfxDevice: Direct3D 12
GfxDevice: creating device client; kGfxThreadingModeNonThreaded
d3d12: failed to query info queue interface (0x80004002).
Direct3D:
    Version:         Direct3D 12 [level 12.2]
    Renderer:        NVIDIA GeForce RTX 3050 (ID=0x2582)
    Vendor:          NVIDIA
    VRAM:            8042 MB
    App VRAM Budget: 7274 MB
    Driver:          32.0.15.8180
Initialize mono
Mono path[0] = 'C:/Program Files/Unity/Hub/Editor/6000.6.3f1/Editor/Data/Managed'
Mono path[1] = 'C:/Program Files/Unity/Hub/Editor/6000.6.3f1/Editor/Data/BCLExtensions/runtime/netstandard2.1'
Mono path[2] = 'C:/Program Files/Unity/Hub/Editor/6000.6.3f1/Editor/Data/MonoBleedingEdge/lib/mono/unityjit-win32'
Mono config path = 'C:/Program Files/Unity/Hub/Editor/6000.6.3f1/Editor/Data/MonoBleedingEdge/etc'
Using monoOptions --debugger-agent=transport=dt_socket,embedding=1,server=y,suspend=n,address=127.0.0.1:56836
CodeReloadManager initialized
Begin MonoManager ReloadAssembly
Registering precompiled unity dll's ...
Register platform support module: C:/Program Files/Unity/Hub/Editor/6000.6.3f1/Editor/Data/PlaybackEngines/WebGLSupport/UnityEditor.WebGL.Extensions.dll
Register platform support module: C:/Program Files/Unity/Hub/Editor/6000.6.3f1/Editor/Data/PlaybackEngines/WindowsStandaloneSupport/UnityEditor.WindowsStandalone.Extensions.dll
Registered in 0.001813 seconds.
Native extension for WindowsStandalone target not found
Native extension for WebGL target not found
Package Manager log level set to [2]
[Package Manager] Failed to launch server process. Reason: Unity was launched with the -noUpm command-line argument
[Package Manager] Unable to send message (not connected to server process).
[Package Manager] Cannot connect to Unity Package Manager local server
ScheduleIndexationOnStartup MainProcess:False IndexOnStartup:True
Scripting: successfully reloaded assembly
- Finished resetting the current domain, in  0.536 seconds
Domain Reload Profiling: 1169ms
	BeginReloadAssembly (138ms)
	RebuildCommonClasses (5ms)
	RebuildNativeTypeToScriptingClass (16ms)
	initialDomainReloadingComplete (72ms)
	LoadAllAssembliesAndSetupDomain (400ms)
		LoadAssemblies (135ms)
		TypeCache.Refresh (252ms)
			TypeCache.ScanAssembly (234ms)
		AnalyzeDomain (1ms)
	FinalizeReload (537ms)
		SetupLoadedEditorAssemblies (0ms)
			BeforeProcessingInitializeOnLoad (113ms)
			ProcessInitializeOnLoadAttributes (115ms)
			ProcessInitializeOnLoadMethodAttributes (211ms)
Initializing Unity extensions:
[Licensing::Client] Successfully resolved entitlement details
[Licensing::Module] License group:
  Id: 2476054875876-UnityPersXXXX
  Product: Unity Personal
  Type: Assigned
  Expiration: Unlimited
========================================================================
Worker process is ready to serve import requests
Import Worker Mode flag is 0x00
Begin MonoManager ReloadAssembly
Native extension for WindowsStandalone target not found
Native extension for WebGL target not found
[Package Manager] Failed to launch server process. Reason: Unity was launched with the -noUpm command-line argument
[Package Manager] Unable to send message (not connected to server process).
[Package Manager] Cannot connect to Unity Package Manager local server
ScheduleIndexationOnStartup MainProcess:False IndexOnStartup:True
Scripting: successfully reloaded assembly
- Finished resetting the current domain, in  0.550 seconds
Domain Reload Profiling: 1181ms
	BeginReloadAssembly (281ms)
		DisableScriptedObjects (10ms)
		CreateAndSetChildDomain (37ms)
	RebuildCommonClasses (12ms)
	RebuildNativeTypeToScriptingClass (19ms)
	initialDomainReloadingComplete (51ms)
	LoadAllAssembliesAndSetupDomain (265ms)
		LoadAssemblies (247ms)
		TypeCache.Refresh (26ms)
			TypeCache.ScanAssembly (16ms)
		AnalyzeDomain (8ms)
			BuildScriptInfoCaches (6ms)
	FinalizeReload (552ms)
		SetupLoadedEditorAssemblies (0ms)
			BeforeProcessingInitializeOnLoad (145ms)
			ProcessInitializeOnLoadAttributes (114ms)
			ProcessInitializeOnLoadMethodAttributes (65ms)
			AfterProcessingInitializeOnLoad (20ms)
		AwakeInstancesAfterBackupRestoration (9ms)
AcceleratorClientConnectionCallback - disconnected - :0
Launched and connected shader compiler UnityShaderCompiler.exe after 0.01 seconds
Unloading 0 Unused Serialized files (Serialized files now loaded: 0)
Unloading 502 unused Assets / (168.7 KB). Loaded Objects now: 1192.
Memory consumption went from 185.9 MB to 185.8 MB.
Total: 6.270600 ms (FindLiveObjects: 0.271000 ms CreateObjectMapping: 0.075100 ms MarkObjects: 5.564000 ms  DeleteObjects: 0.202000 ms)

========================================================================
Received Prepare
AcceleratorClientConnectionCallback - disconnected - :0
Unloading 0 Unused Serialized files (Serialized files now loaded: 0)
Unloading 0 unused Assets / (Unknown). Loaded Objects now: 1192.
Memory consumption went from 185.4 MB to 185.4 MB.
Total: 6.344600 ms (FindLiveObjects: 0.178700 ms CreateObjectMapping: 0.020000 ms MarkObjects: 5.994500 ms  DeleteObjects: 0.005500 ms)

Prepare: number of updated asset objects reloaded= 0
EnvironmentDependencyValues requested are different than current active one (requested -> active):
  graphicsApiMask: 4 -> 262148
========================================================================
Received Import Request.
  Time of request: 2026-09-28T13:03:38.2282623Z
  Time since last request: 6884.98062490000029 seconds.
  importAddress: GUID: ac27c14079f7f8071b1468fde3aff12a - Path: Assets/Scripts/DungeonHud.cs - Importer: ScriptedImporter/UnityEditor.QuickSearchModule:UnityEditor.Search:ASIAI0B
Importing 'GUID: ac27c14079f7f8071b1468fde3aff12a - Path: Assets/Scripts/DungeonHud.cs - Importer: ScriptedImporter/UnityEditor.QuickSearchModule:UnityEditor.Search:ASIAI0B' with importer (ScriptedImporter : UnityEditor.QuickSearchModule:UnityEditor.Search:ASIAI0B)
Imported 'GUID: ac27c14079f7f8071b1468fde3aff12a' -> (Import Result ID: '9a15f269d5691cf8eaa637a00fe432f1') in 0.118 seconds [static and dynamic dependencies]. Details - ImportResultOutputID=c2fc8dc60ce01d363ee7d12ff61aad2b DependenciesID=1f68b10557438030bf285bc4c420fd5d StaticDependenciesID=cc98f017812664132177d033d58b97fb 
Number of updated asset objects reloaded before import = 0
Number of asset objects unloaded after import = 0
========================================================================
Received Import Request.
  Time of request: 2026-09-28T13:03:38.3479485Z
  Time since last request: 0.0002838 seconds.
  importAddress: GUID: 993e2bd83f2f0c3708aa95fdea63de30 - Path: Assets/Scripts/BowAttack.cs - Importer: ScriptedImporter/UnityEditor.QuickSearchModule:UnityEditor.Search:ASIAI0B
Importing 'GUID: 993e2bd83f2f0c3708aa95fdea63de30 - Path: Assets/Scripts/BowAttack.cs - Importer: ScriptedImporter/UnityEditor.QuickSearchModule:UnityEditor.Search:ASIAI0B' with importer (ScriptedImporter : UnityEditor.QuickSearchModule:UnityEditor.Search:ASIAI0B)
Imported 'GUID: 993e2bd83f2f0c3708aa95fdea63de30' -> (Import Result ID: '7ba3910e5893b046e861ff37e2619dcf') in 0.002 seconds [static and dynamic dependencies]. Details - ImportResultOutputID=c4d572c984a2ab4864bdd36f8507362b DependenciesID=0df65a94eb1c7c139eaf867a7ea558fb StaticDependenciesID=7e10ac2218af34d776d8235880a69191 
Number of updated asset objects reloaded before import = 0
Number of asset objects unloaded after import = 0
========================================================================
Received Import Request.
  Time of request: 2026-09-28T13:03:38.3506047Z
  Time since last request: 0.000896 seconds.
  importAddress: GUID: 96e01b5404f9b259bb5048c2b0b5b094 - Path: Assets/Resources/Characters/Archer.asset - Importer: ScriptedImporter/UnityEditor.QuickSearchModule:UnityEditor.Search:ASIAI0B
Importing 'GUID: 96e01b5404f9b259bb5048c2b0b5b094 - Path: Assets/Resources/Characters/Archer.asset - Importer: ScriptedImporter/UnityEditor.QuickSearchModule:UnityEditor.Search:ASIAI0B' with importer (ScriptedImporter : UnityEditor.QuickSearchModule:UnityEditor.Search:ASIAI0B)
Imported 'GUID: 96e01b5404f9b259bb5048c2b0b5b094' -> (Import Result ID: 'a3c14bf9a45c7137f6eda97ffb6765ee') in 0.044 seconds [static and dynamic dependencies]. Details - ImportResultOutputID=b259ab9a86d502a36d0e5914f7fae311 DependenciesID=155ef602be08609ee06c3178b6159238 StaticDependenciesID=4bee356930d70db588cb67b3a31f20de 
Number of updated asset objects reloaded before import = 0
Number of asset objects unloaded after import = 1
========================================================================
Received Import Request.
  Time of request: 2026-09-28T13:03:38.3950784Z
  Time since last request: 0.0003334 seconds.
  importAddress: GUID: 2a94541cc4058e87493b1ee08b5d8a28 - Path: Assets/Scripts/PlayerProjectile.cs - Importer: ScriptedImporter/UnityEditor.QuickSearchModule:UnityEditor.Search:ASIAI0B
Importing 'GUID: 2a94541cc4058e87493b1ee08b5d8a28 - Path: Assets/Scripts/PlayerProjectile.cs - Importer: ScriptedImporter/UnityEditor.QuickSearchModule:UnityEditor.Search:ASIAI0B' with importer (ScriptedImporter : UnityEditor.QuickSearchModule:UnityEditor.Search:ASIAI0B)
Imported 'GUID: 2a94541cc4058e87493b1ee08b5d8a28' -> (Import Result ID: '38f40419cef5cbedbbffb22e41bb69ed') in 0.004 seconds [static and dynamic dependencies]. Details - ImportResultOutputID=6b58a7778c927b8bb430b0f3ebe3e223 DependenciesID=dfbeb8781d30a87f00fd3c5075265d7f StaticDependenciesID=50e1e4927984062c15169c34e96da7c3 
Number of updated asset objects reloaded before import = 0
Number of asset objects unloaded after import = 0
========================================================================
Received Import Request.
  Time of request: 2026-09-28T13:03:38.3998652Z
  Time since last request: 0.0003842 seconds.
  importAddress: GUID: 025865c30fa57f42b8c2e0565a2bbe2c - Path: Assets/Scripts/SwordAttack.cs - Importer: ScriptedImporter/UnityEditor.QuickSearchModule:UnityEditor.Search:ASIAI0B
Importing 'GUID: 025865c30fa57f42b8c2e0565a2bbe2c - Path: Assets/Scripts/SwordAttack.cs - Importer: ScriptedImporter/UnityEditor.QuickSearchModule:UnityEditor.Search:ASIAI0B' with importer (ScriptedImporter : UnityEditor.QuickSearchModule:UnityEditor.Search:ASIAI0B)
Imported 'GUID: 025865c30fa57f42b8c2e0565a2bbe2c' -> (Import Result ID: 'a309733c3dcf1dd93f12449da49b872c') in 0.003 seconds [static and dynamic dependencies]. Details - ImportResultOutputID=d45a4c5b70b5f48abbb4b9af1331f5ba DependenciesID=c7c40de604023b90bd595f0ccd3ba10f StaticDependenciesID=fff518917db4be1563338a14ad33803c 
Number of updated asset objects reloaded before import = 0
Number of asset objects unloaded after import = 0
========================================================================
Received Import Request.
  Time of request: 2026-09-28T13:03:38.4034629Z
  Time since last request: 0.0004259 seconds.
  importAddress: GUID: 2fd7d03574f5bb29d9d1ce6aeb609059 - Path: Assets/Scripts/MainMenu.cs - Importer: ScriptedImporter/UnityEditor.QuickSearchModule:UnityEditor.Search:ASIAI0B
Importing 'GUID: 2fd7d03574f5bb29d9d1ce6aeb609059 - Path: Assets/Scripts/MainMenu.cs - Importer: ScriptedImporter/UnityEditor.QuickSearchModule:UnityEditor.Search:ASIAI0B' with importer (ScriptedImporter : UnityEditor.QuickSearchModule:UnityEditor.Search:ASIAI0B)
Imported 'GUID: 2fd7d03574f5bb29d9d1ce6aeb609059' -> (Import Result ID: '6f627b88437341e37c745e4f4190647d') in 0.002 seconds [static and dynamic dependencies]. Details - ImportResultOutputID=3042f8f79432e7fd82e790c5beb86066 DependenciesID=321e23284c802d82ceb3c53d05fdaf13 StaticDependenciesID=b4eb3b2bbdf6fa2672db6dce325efbfb 
Number of updated asset objects reloaded before import = 0
Number of asset objects unloaded after import = 0
========================================================================
Received Import Request.
  Time of request: 2026-09-28T13:03:38.4058394Z
  Time since last request: 0.0002868 seconds.
  importAddress: GUID: 767b70c2c5eefff5690a6185c635f3c6 - Path: Assets/Scripts/Editor/DungeonProjectSetup.cs - Importer: ScriptedImporter/UnityEditor.QuickSearchModule:UnityEditor.Search:ASIAI0B
Importing 'GUID: 767b70c2c5eefff5690a6185c635f3c6 - Path: Assets/Scripts/Editor/DungeonProjectSetup.cs - Importer: ScriptedImporter/UnityEditor.QuickSearchModule:UnityEditor.Search:ASIAI0B' with importer (ScriptedImporter : UnityEditor.QuickSearchModule:UnityEditor.Search:ASIAI0B)
Imported 'GUID: 767b70c2c5eefff5690a6185c635f3c6' -> (Import Result ID: '791ffb84383b1c3af77a893623476540') in 0.001 seconds [static and dynamic dependencies]. Details - ImportResultOutputID=361959e413bf5ebb70a18ace2d03b603 DependenciesID=4dc59648e3ba3c5a375a2d250bf3006a StaticDependenciesID=6fbf4e25e3ea82d742c300b670551ffa 
Number of updated asset objects reloaded before import = 0
Number of asset objects unloaded after import = 0
========================================================================
Received Import Request.
  Time of request: 2026-09-28T13:03:38.407456Z
  Time since last request: 0.0002561 seconds.
  importAddress: GUID: 163b95913dd8a7d6693216f72d233551 - Path: Assets/Scripts/IPlayerWeapon.cs - Importer: ScriptedImporter/UnityEditor.QuickSearchModule:UnityEditor.Search:ASIAI0B
Importing 'GUID: 163b95913dd8a7d6693216f72d233551 - Path: Assets/Scripts/IPlayerWeapon.cs - Importer: ScriptedImporter/UnityEditor.QuickSearchModule:UnityEditor.Search:ASIAI0B' with importer (ScriptedImporter : UnityEditor.QuickSearchModule:UnityEditor.Search:ASIAI0B)
Imported 'GUID: 163b95913dd8a7d6693216f72d233551' -> (Import Result ID: 'b4de31c22ad8d4c46ae40bdf23742228') in 0.002 seconds [static and dynamic dependencies]. Details - ImportResultOutputID=2ec110fbcb0e490ca5c27d72d6574119 DependenciesID=d451b29cbc6fb7414f54a778e6f8013b StaticDependenciesID=603395356ca432badbc4ad55499d7bf4 
Number of updated asset objects reloaded before import = 0
Number of asset objects unloaded after import = 0
========================================================================
Received Import Request.
  Time of request: 2026-09-28T13:03:38.4097811Z
  Time since last request: 0.0002792 seconds.
  importAddress: GUID: f64dc692b8aaca03fad7886ee09be73f - Path: Assets/Scripts/DungeonPlayer.cs - Importer: ScriptedImporter/UnityEditor.QuickSearchModule:UnityEditor.Search:ASIAI0B
Importing 'GUID: f64dc692b8aaca03fad7886ee09be73f - Path: Assets/Scripts/DungeonPlayer.cs - Importer: ScriptedImporter/UnityEditor.QuickSearchModule:UnityEditor.Search:ASIAI0B' with importer (ScriptedImporter : UnityEditor.QuickSearchModule:UnityEditor.Search:ASIAI0B)
Imported 'GUID: f64dc692b8aaca03fad7886ee09be73f' -> (Import Result ID: '957471aedf6fbfaeb4b11d69a1cd7056') in 0.002 seconds [static and dynamic dependencies]. Details - ImportResultOutputID=bc764eb9260420a6d96f601f4ca10795 DependenciesID=dd397021d8d1211c171cb2a575068306 StaticDependenciesID=8978f4484d84cb7e39408b84f3e1cb60 
Number of updated asset objects reloaded before import = 0
Number of asset objects unloaded after import = 0
========================================================================
Received Import Request.
  Time of request: 2026-09-28T13:03:38.4123202Z
  Time since last request: 0.0004838 seconds.
  importAddress: GUID: 2a4cefcb449d359e480a79c4116d72a4 - Path: Assets/Scripts/DungeonRun.cs - Importer: ScriptedImporter/UnityEditor.QuickSearchModule:UnityEditor.Search:ASIAI0B
Importing 'GUID: 2a4cefcb449d359e480a79c4116d72a4 - Path: Assets/Scripts/DungeonRun.cs - Importer: ScriptedImporter/UnityEditor.QuickSearchModule:UnityEditor.Search:ASIAI0B' with importer (ScriptedImporter : UnityEditor.QuickSearchModule:UnityEditor.Search:ASIAI0B)
Imported 'GUID: 2a4cefcb449d359e480a79c4116d72a4' -> (Import Result ID: 'cbb37e4a7d8828ebf903a841e5de99c8') in 0.002 seconds [static and dynamic dependencies]. Details - ImportResultOutputID=94237daf7ad95e21aa6c3ee4ec3e4392 DependenciesID=3e8c66e8e5087342a95ad15a06f81765 StaticDependenciesID=e4324513bd448fdae88ae67d858ff74c 
Number of updated asset objects reloaded before import = 0
Number of asset objects unloaded after import = 0
========================================================================
Received Import Request.
  Time of request: 2026-09-28T13:03:38.4148036Z
  Time since last request: 0.0004309 seconds.
  importAddress: GUID: 6d869144b870b499eb3cc72d761eddcd - Path: Assets/Scripts/CharacterDefinition.cs - Importer: ScriptedImporter/UnityEditor.QuickSearchModule:UnityEditor.Search:ASIAI0B
Importing 'GUID: 6d869144b870b499eb3cc72d761eddcd - Path: Assets/Scripts/CharacterDefinition.cs - Importer: ScriptedImporter/UnityEditor.QuickSearchModule:UnityEditor.Search:ASIAI0B' with importer (ScriptedImporter : UnityEditor.QuickSearchModule:UnityEditor.Search:ASIAI0B)
Imported 'GUID: 6d869144b870b499eb3cc72d761eddcd' -> (Import Result ID: '2b3950ad9eca43afe1f9c8613fab8b12') in 0.003 seconds [static and dynamic dependencies]. Details - ImportResultOutputID=fcaebe52b3f00968f093b746c0bb5ed3 DependenciesID=2df98ec8c69535776061f9841eadba3a StaticDependenciesID=188a1b885192e178ebd32b818cbaa798 
Number of updated asset objects reloaded before import = 0
Number of asset objects unloaded after import = 0
========================================================================
Received Prepare
AcceleratorClientConnectionCallback - disconnected - :0
Begin MonoManager ReloadAssembly
Native extension for WindowsStandalone target not found
Native extension for WebGL target not found
[Package Manager] Failed to launch server process. Reason: Unity was launched with the -noUpm command-line argument
[Package Manager] Unable to send message (not connected to server process).
[Package Manager] Cannot connect to Unity Package Manager local server
ScheduleIndexationOnStartup MainProcess:False IndexOnStartup:True
Scripting: successfully reloaded assembly
- Finished resetting the current domain, in  0.503 seconds
Domain Reload Profiling: 1084ms
	BeginReloadAssembly (248ms)
		DisableScriptedObjects (10ms)
		CreateAndSetChildDomain (31ms)
	RebuildCommonClasses (10ms)
	RebuildNativeTypeToScriptingClass (20ms)
	initialDomainReloadingComplete (54ms)
	LoadAllAssembliesAndSetupDomain (247ms)
		LoadAssemblies (251ms)
		TypeCache.Refresh (6ms)
		AnalyzeDomain (2ms)
	FinalizeReload (504ms)
		SetupLoadedEditorAssemblies (0ms)
			BeforeProcessingInitializeOnLoad (132ms)
			ProcessInitializeOnLoadAttributes (101ms)
			ProcessInitializeOnLoadMethodAttributes (47ms)
			AfterProcessingInitializeOnLoad (9ms)
		AwakeInstancesAfterBackupRestoration (11ms)
Unloading 0 Unused Serialized files (Serialized files now loaded: 0)
Unloading 500 unused Assets / (138.5 KB). Loaded Objects now: 1194.
Memory consumption went from 186.2 MB to 186.1 MB.
Total: 4.843200 ms (FindLiveObjects: 0.262500 ms CreateObjectMapping: 0.065700 ms MarkObjects: 4.252600 ms  DeleteObjects: 0.112300 ms)

Prepare: number of updated asset objects reloaded= 0
EnvironmentDependencyValues requested are different than current active one (requested -> active):
  graphicsApiMask: 4 -> 262148
Editor requested this worker to shutdown with reason: Scaling down because of idle timeout
AcceleratorClientConnectionCallback - disconnected - :0
AssetImportWorker is now disconnected from the server
Process exiting
[ExitDontLaunchBugReporter] Exiting without the bug reporter. Application will exit with return code 0
