VBCSCompilerPreWarmer: watching VBCSCompiler (PID 24064)
VBCSCompilerPreWarmer: pre-warm launched (dotnet PID 8876)
VBCSCompiler prewarm took 18.23 ms
[Licensing::Module] Trying to connect to existing licensing client channel...
[Licensing::IpcConnector] Successfully connected to: "LicenseClient-ethan" at "2026-09-28T13:03:04.193282Z"
Built from '6000.6/staging' branch; Version is '6000.6.3f1 (45d8eee7de74) revision 4577518'; Using compiler version '194234433'; Build Type 'Release'
OS: 'Windows 11  (10.0.26200) Core' Language: 'en' Physical Memory: 16220 MB
BatchMode: 0, IsHumanControllingUs: 1, StartBugReporterOnCrash: 1, Is64bit: 1
System  architecture: x64
Process architecture: x64
Date: 2026-09-28T13:03:04Z
[Licensing::Client] Code 10 while verifying Licensing Client signature (process Id: 25832, path: "C:/Program Files/Unity Hub/UnityLicensingClient_V1/Unity.Licensing.Client.exe")
[Licensing::Module] LicensingClient has failed validation; ignoring
[Licensing::Client] Handshaking with LicensingClient:
  Version:                 1.18.3+d7ffd15
  Session Id:              d1bcb1dd34fc4547841dee66f2026a36
  Correlation Id:          f733b4adbc124dc30629cc872d5615a7
  External correlation Id: 4818126239297882881
  Machine Id:              hQSWSTZp2GHylM8FJMoQ2DFfraQ=
[Licensing::Module] Successfully connected to LicensingClient on channel: "LicenseClient-ethan" (connect: 0.00s, validation: 0.00s, handshake: 0.04s)
[Licensing::IpcConnector] Successfully connected to: "LicenseClient-ethan-notifications" at "2026-09-28T13:03:04.2382228Z"
[Licensing::Client] Successfully updated the access token
[Licensing::Module] Successfully updated the access token G9n0AB4rrs...
[Licensing::Client] Successfully resolved entitlement details
[Licensing::Module] License group:
  Id: 2476054875876-UnityPersXXXX
  Product: Unity Personal
  Type: Assigned
  Expiration: Unlimited
[Licensing::Client] Successfully updated license, isAsync: True, time: 0.01
[Licensing::Client] Successfully resolved entitlement details
[Licensing::Module] Licensing Background thread has ended after 0.07s

COMMAND LINE ARGUMENTS:
C:\Program Files\Unity\Hub\Editor\6000.6.3f1\Editor\Unity.exe
-projectpath
C:\Users\ethan\OneDrive\Documents\GitHub\slopgame
-acceptSoftwareTermsForThisRunOnly
-useHub
-hubIPC
-cloudEnvironment
production
-licensingIpc
LicenseClient-ethan
-hubSessionId
7151044a-f293-493b-a13f-f5e488f5deba
-accessToken
G9n0AB4rrsf6Kw4xYVDhCV5wJJgYLR6g_C13vaDtUn8002f
Successfully changed project path to: C:\Users\ethan\OneDrive\Documents\GitHub\slopgame
C:/Users/ethan/OneDrive/Documents/GitHub/slopgame
[UnityMemory] Configuration Parameters - Can be set up in boot.config
    "memorysetup-temp-allocator-size-gi-baking-worker=262144"
    "memorysetup-temp-allocator-size-gi-baking-worker=262144"
    "memorysetup-temp-allocator-size-gi-baking-worker=262144"
    "memorysetup-temp-allocator-size-gi-baking-worker=262144"
    "memorysetup-temp-allocator-size-gi-baking-worker=262144"
    "memorysetup-temp-allocator-size-nav-mesh-worker=65536"
    "memorysetup-temp-allocator-size-audio-worker=65536"
    "memorysetup-temp-allocator-size-cloud-worker=32768"
    "memorysetup-temp-allocator-size-gfx=262144"
    "memorysetup-remapper-allocator-initial-capacity=32768"
    "memorysetup-temp-allocator-size-preload-manager=33554432"
    "memorysetup-allocator-temp-initial-block-size-main=262144"
    "memorysetup-allocator-temp-initial-block-size-worker=262144"
    "memorysetup-temp-allocator-size-job-worker=262144"
    "memorysetup-temp-allocator-size-background-worker=32768"
    "memorysetup-bucket-allocator-granularity=16"
    "memorysetup-bucket-allocator-bucket-count=8"
    "memorysetup-bucket-allocator-block-size=33554432"
    "memorysetup-bucket-allocator-block-count=8"
    "memorysetup-main-allocator-block-size=16777216"
    "memorysetup-thread-allocator-block-size=16777216"
    "memorysetup-main-allocator-mimalloc-enabled=1"
    "memorysetup-gfx-main-allocator-block-size=16777216"
    "memorysetup-gfx-thread-allocator-block-size=16777216"
    "memorysetup-cache-allocator-block-size=4194304"
    "memorysetup-typetree-allocator-block-size=2097152"
    "memorysetup-profiler-bucket-allocator-granularity=16"
    "memorysetup-profiler-bucket-allocator-bucket-count=8"
    "memorysetup-profiler-bucket-allocator-block-size=33554432"
    "memorysetup-profiler-bucket-allocator-block-count=8"
    "memorysetup-profiler-allocator-block-size=16777216"
    "memorysetup-profiler-editor-allocator-block-size=1048576"
    "memorysetup-temp-allocator-size-main=16777216"
    "memorysetup-job-temp-allocator-block-size=2097152"
    "memorysetup-job-temp-allocator-block-size-background=1048576"
    "memorysetup-job-temp-allocator-reduction-small-platforms=262144"
Player connection [31056]  Target information:

Player connection [31056]  * "[IP] 192.168.1.195 [Port] 55504 [Flags] 2 [Guid] 3827427944 [EditorId] 3827427944 [Version] 1048832 [Id] WindowsEditor(7,ethan) [Debug] 1 [PackageName] WindowsEditor [ProjectName] Editor" 

Player connection [31056] Host joined multi-casting on [225.0.0.222:54997]...
Player connection [31056] Host joined alternative multi-casting on [225.0.0.222:34997]...
Input System module state changed to: Initialized.
[Physics::Module] Initialized fallback backend.
[Physics::Module] Id: 0xdecafbad
[Package Manager] Connected to IPC stream "Upm-24180" after 0.3 seconds.
[Licensing::Client] Successfully resolved entitlement details
Library Redirect Path: Library/
Initialising UDS system complete:
  - System type: Client
  - Resource namespace: 208ab9a6e2328849489e810dbab0b831
  - Shared memory size: 1073741824
  - Command buffer id: 1052576
  - Command buffer size: 8192
  - Hashmap size: 4194304
  - Service connected: false
Launching Unity Data Store - C:/Program Files/Unity/Hub/Editor/6000.6.3f1/Editor/Data/Tools/Unity.DataStore.exe 
Unity Data Store artifact dir = Library/DataStore, working dir = C:/Users/ethan/OneDrive/Documents/GitHub/slopgameUnity Data Store running and initialised
[Physics::Module] Selected backend (deferred post-plugins).
[Physics::Module] Name: PhysX
[Physics::Module] Id: 0xf2b8ea05
[Physics::Module] SDK Version: 4.1.2
[Physics::Module] Integration Version: 1.0.0
[Physics::Module] Threading Mode: Multi-Threaded
Initialize engine version: 6000.6.3f1 (45d8eee7de74)
[EntityIdStore] init: VM path (explicit commit), pageSize=4096, blockCount=1048576, entitiesPerBlock=256, slots reserved=4294967296 bytes
[Subsystems] Discovering subsystems at path C:/Program Files/Unity/Hub/Editor/6000.6.3f1/Editor/Data/Resources/UnitySubsystems
[Subsystems] Discovering subsystems at path C:/Users/ethan/OneDrive/Documents/GitHub/slopgame/Assets
GfxDevice: creating device client; kGfxThreadingModeThreaded
Direct3D:
    Version:  Direct3D 11.0 [level 11.1]
    Renderer: NVIDIA GeForce RTX 3050 (ID=0x2582)
    Vendor:   NVIDIA
    VRAM:     8042 MB
    Driver:   32.0.15.8180
Initialize mono
Mono path[0] = 'C:/Program Files/Unity/Hub/Editor/6000.6.3f1/Editor/Data/Managed'
Mono path[1] = 'C:/Program Files/Unity/Hub/Editor/6000.6.3f1/Editor/Data/BCLExtensions/runtime/netstandard2.1'
Mono path[2] = 'C:/Program Files/Unity/Hub/Editor/6000.6.3f1/Editor/Data/MonoBleedingEdge/lib/mono/unityjit-win32'
Mono config path = 'C:/Program Files/Unity/Hub/Editor/6000.6.3f1/Editor/Data/MonoBleedingEdge/etc'
Using monoOptions --debugger-agent=transport=dt_socket,embedding=1,server=y,suspend=n,address=127.0.0.1:56180
CodeReloadManager initialized
ImportWorker Server TCP listen port: 0
AcceleratorClientConnectionCallback - disconnected - :0
Begin MonoManager ReloadAssembly
Registering precompiled unity dll's ...
Register platform support module: C:/Program Files/Unity/Hub/Editor/6000.6.3f1/Editor/Data/PlaybackEngines/WebGLSupport/UnityEditor.WebGL.Extensions.dll
Register platform support module: C:/Program Files/Unity/Hub/Editor/6000.6.3f1/Editor/Data/PlaybackEngines/WindowsStandaloneSupport/UnityEditor.WindowsStandalone.Extensions.dll
Registered in 0.002161 seconds.
Native extension for WindowsStandalone target not found
Native extension for WebGL target not found
Package Manager log level set to [2]
ScheduleIndexationOnStartup MainProcess:False IndexOnStartup:True
Scripting: successfully reloaded assembly
- Finished resetting the current domain, in  0.904 seconds
Domain Reload Profiling: 1578ms
	BeginReloadAssembly (153ms)
		CreateAndSetChildDomain (7ms)
	RebuildCommonClasses (5ms)
	RebuildNativeTypeToScriptingClass (18ms)
	initialDomainReloadingComplete (80ms)
	LoadAllAssembliesAndSetupDomain (417ms)
		LoadAssemblies (142ms)
		TypeCache.Refresh (284ms)
			TypeCache.ScanAssembly (269ms)
		AnalyzeDomain (1ms)
	FinalizeReload (905ms)
		SetupLoadedEditorAssemblies (0ms)
			InitializePlatformSupportModulesInManaged (5ms)
			BeforeProcessingInitializeOnLoad (121ms)
			ProcessInitializeOnLoadAttributes (172ms)
			ProcessInitializeOnLoadMethodAttributes (327ms)
[Licensing::Client] Successfully resolved entitlement details
Application.AssetDatabase Initial Refresh Start
[Package Manager] Restoring resolved packages state from cache
[Licensing::Client] Successfully resolved entitlement details
[Package Manager] Registered 42 packages:
  Packages from [https://packages.unity.com]:
    com.unity.ide.rider@3.0.38 (location: C:\Users\ethan\OneDrive\Documents\GitHub\slopgame\Library\PackageCache\com.unity.ide.rider@1f60b3138684)
    com.unity.ide.visualstudio@2.0.26 (location: C:\Users\ethan\OneDrive\Documents\GitHub\slopgame\Library\PackageCache\com.unity.ide.visualstudio@a99d56dec63f)
  Built-in packages:
    com.unity.modules.accessibility@1.0.0 (location: C:\Users\ethan\OneDrive\Documents\GitHub\slopgame\Library\PackageCache\com.unity.modules.accessibility)
    com.unity.modules.adaptiveperformance@1.0.0 (location: C:\Users\ethan\OneDrive\Documents\GitHub\slopgame\Library\PackageCache\com.unity.modules.adaptiveperformance)
    com.unity.modules.ai@1.0.0 (location: C:\Users\ethan\OneDrive\Documents\GitHub\slopgame\Library\PackageCache\com.unity.modules.ai)
    com.unity.modules.androidjni@1.0.0 (location: C:\Users\ethan\OneDrive\Documents\GitHub\slopgame\Library\PackageCache\com.unity.modules.androidjni)
    com.unity.modules.animation@1.0.0 (location: C:\Users\ethan\OneDrive\Documents\GitHub\slopgame\Library\PackageCache\com.unity.modules.animation)
    com.unity.modules.assetbundle@1.0.0 (location: C:\Users\ethan\OneDrive\Documents\GitHub\slopgame\Library\PackageCache\com.unity.modules.assetbundle)
    com.unity.modules.audio@1.0.0 (location: C:\Users\ethan\OneDrive\Documents\GitHub\slopgame\Library\PackageCache\com.unity.modules.audio)
    com.unity.modules.cloth@1.0.0 (location: C:\Users\ethan\OneDrive\Documents\GitHub\slopgame\Library\PackageCache\com.unity.modules.cloth)
    com.unity.modules.director@1.0.0 (location: C:\Users\ethan\OneDrive\Documents\GitHub\slopgame\Library\PackageCache\com.unity.modules.director)
    com.unity.modules.imageconversion@1.0.0 (location: C:\Users\ethan\OneDrive\Documents\GitHub\slopgame\Library\PackageCache\com.unity.modules.imageconversion)
    com.unity.modules.imgui@1.0.0 (location: C:\Users\ethan\OneDrive\Documents\GitHub\slopgame\Library\PackageCache\com.unity.modules.imgui)
    com.unity.modules.jsonserialize@1.0.0 (location: C:\Users\ethan\OneDrive\Documents\GitHub\slopgame\Library\PackageCache\com.unity.modules.jsonserialize)
    com.unity.modules.particlesystem@1.0.0 (location: C:\Users\ethan\OneDrive\Documents\GitHub\slopgame\Library\PackageCache\com.unity.modules.particlesystem)
    com.unity.modules.physics@1.0.0 (location: C:\Users\ethan\OneDrive\Documents\GitHub\slopgame\Library\PackageCache\com.unity.modules.physics)
    com.unity.modules.physics2d@1.0.0 (location: C:\Users\ethan\OneDrive\Documents\GitHub\slopgame\Library\PackageCache\com.unity.modules.physics2d)
    com.unity.modules.physicscore2d@1.0.0 (location: C:\Users\ethan\OneDrive\Documents\GitHub\slopgame\Library\PackageCache\com.unity.modules.physicscore2d)
    com.unity.modules.screencapture@1.0.0 (location: C:\Users\ethan\OneDrive\Documents\GitHub\slopgame\Library\PackageCache\com.unity.modules.screencapture)
    com.unity.modules.terrain@1.0.0 (location: C:\Users\ethan\OneDrive\Documents\GitHub\slopgame\Library\PackageCache\com.unity.modules.terrain)
    com.unity.modules.terrainphysics@1.0.0 (location: C:\Users\ethan\OneDrive\Documents\GitHub\slopgame\Library\PackageCache\com.unity.modules.terrainphysics)
    com.unity.modules.tetgen@1.0.0 (location: C:\Users\ethan\OneDrive\Documents\GitHub\slopgame\Library\PackageCache\com.unity.modules.tetgen)
    com.unity.modules.tilemap@1.0.0 (location: C:\Users\ethan\OneDrive\Documents\GitHub\slopgame\Library\PackageCache\com.unity.modules.tilemap)
    com.unity.modules.timelinefoundation@1.0.0 (location: C:\Users\ethan\OneDrive\Documents\GitHub\slopgame\Library\PackageCache\com.unity.modules.timelinefoundation)
    com.unity.modules.ui@1.0.0 (location: C:\Users\ethan\OneDrive\Documents\GitHub\slopgame\Library\PackageCache\com.unity.modules.ui)
    com.unity.modules.uielements@1.0.0 (location: C:\Users\ethan\OneDrive\Documents\GitHub\slopgame\Library\PackageCache\com.unity.modules.uielements)
    com.unity.modules.umbra@1.0.0 (location: C:\Users\ethan\OneDrive\Documents\GitHub\slopgame\Library\PackageCache\com.unity.modules.umbra)
    com.unity.modules.unityanalytics@1.0.0 (location: C:\Users\ethan\OneDrive\Documents\GitHub\slopgame\Library\PackageCache\com.unity.modules.unityanalytics)
    com.unity.modules.unitywebrequest@1.0.0 (location: C:\Users\ethan\OneDrive\Documents\GitHub\slopgame\Library\PackageCache\com.unity.modules.unitywebrequest)
    com.unity.modules.unitywebrequestassetbundle@1.0.0 (location: C:\Users\ethan\OneDrive\Documents\GitHub\slopgame\Library\PackageCache\com.unity.modules.unitywebrequestassetbundle)
    com.unity.modules.unitywebrequestaudio@1.0.0 (location: C:\Users\ethan\OneDrive\Documents\GitHub\slopgame\Library\PackageCache\com.unity.modules.unitywebrequestaudio)
    com.unity.modules.unitywebrequesttexture@1.0.0 (location: C:\Users\ethan\OneDrive\Documents\GitHub\slopgame\Library\PackageCache\com.unity.modules.unitywebrequesttexture)
    com.unity.modules.unitywebrequestwww@1.0.0 (location: C:\Users\ethan\OneDrive\Documents\GitHub\slopgame\Library\PackageCache\com.unity.modules.unitywebrequestwww)
    com.unity.modules.vectorgraphics@1.0.0 (location: C:\Users\ethan\OneDrive\Documents\GitHub\slopgame\Library\PackageCache\com.unity.modules.vectorgraphics)
    com.unity.modules.vehicles@1.0.0 (location: C:\Users\ethan\OneDrive\Documents\GitHub\slopgame\Library\PackageCache\com.unity.modules.vehicles)
    com.unity.modules.video@1.0.0 (location: C:\Users\ethan\OneDrive\Documents\GitHub\slopgame\Library\PackageCache\com.unity.modules.video)
    com.unity.modules.wind@1.0.0 (location: C:\Users\ethan\OneDrive\Documents\GitHub\slopgame\Library\PackageCache\com.unity.modules.wind)
    com.unity.modules.xr@1.0.0 (location: C:\Users\ethan\OneDrive\Documents\GitHub\slopgame\Library\PackageCache\com.unity.modules.xr)
    com.unity.modules.subsystems@1.0.0 (location: C:\Users\ethan\OneDrive\Documents\GitHub\slopgame\Library\PackageCache\com.unity.modules.subsystems)
    com.unity.modules.hierarchycore@1.0.0 (location: C:\Users\ethan\OneDrive\Documents\GitHub\slopgame\Library\PackageCache\com.unity.modules.hierarchycore)
    com.unity.test-framework@1.8.0 (location: C:\Users\ethan\OneDrive\Documents\GitHub\slopgame\Library\PackageCache\com.unity.test-framework@80f691d4262b)
    com.unity.ext.nunit@2.1.0 (location: C:\Users\ethan\OneDrive\Documents\GitHub\slopgame\Library\PackageCache\com.unity.ext.nunit@0198eae3b53e)
[Subsystems] No new subsystems found in resolved package list.
[Package Manager] Done registering packages in 0.02 seconds
Starting: C:\Program Files\Unity\Hub\Editor\6000.6.3f1\Editor\Data\Tools\BuildPipeline\bee_backend.exe --ipc --defer-dag-verification --dagfile="Library/Bee/1900b0aE.dag" --continue-on-failure --profile="Library/Bee/backend1.traceevents" ScriptAssemblies
WorkingDir: C:/Users/ethan/OneDrive/Documents/GitHub/slopgame
ExitCode: 0 Duration: 0s179ms
[209/222    0s] ILPP-Configuration Library/ilpp-configuration.nevergeneratedoutput
*** Tundra build success (0.14 seconds), 1 items updated, 222 evaluated
AssetDatabase: script compilation time: 0.656064s
Total cache size 25569132
Total cache size after purge 25569132, took 00:00:00.0444037
Begin MonoManager ReloadAssembly
Native extension for WindowsStandalone target not found
Native extension for WebGL target not found
ScheduleIndexationOnStartup MainProcess:True IndexOnStartup:True
Scripting: successfully reloaded assembly
- Finished resetting the current domain, in  0.741 seconds
Domain Reload Profiling: 1486ms
	BeginReloadAssembly (326ms)
		DisableScriptedObjects (35ms)
		CreateAndSetChildDomain (58ms)
	RebuildCommonClasses (10ms)
	RebuildNativeTypeToScriptingClass (17ms)
	initialDomainReloadingComplete (52ms)
	LoadAllAssembliesAndSetupDomain (339ms)
		LoadAssemblies (287ms)
		TypeCache.Refresh (18ms)
			TypeCache.ScanAssembly (10ms)
		AnalyzeDomain (13ms)
			BuildScriptInfoCaches (10ms)
	FinalizeReload (743ms)
		SetupLoadedEditorAssemblies (0ms)
			LogAssemblyErrors (4ms)
			InitializePlatformSupportModulesInManaged (4ms)
			BeforeProcessingInitializeOnLoad (142ms)
			ProcessInitializeOnLoadAttributes (181ms)
			ProcessInitializeOnLoadMethodAttributes (42ms)
			AfterProcessingInitializeOnLoad (6ms)
		AwakeInstancesAfterBackupRestoration (33ms)
Starting new worker id: 0 with log in C:/Users/ethan/OneDrive/Documents/GitHub/slopgame/Logs/AssetImportWorkerHW0.log

Asset Pipeline Refresh (id=44c21ae8f0595b941b83dd26792a5536): Total: 2.467 seconds - Initiated by InitialRefreshV2(ForceSynchronousImport)
	(Values over 0.05ms)
	Summary:
		Imports: total=0 (actual=0, local cache=0, cache server=0)
		Asset DB Process Time: managed=0 ms, native=952 ms
		Asset DB Callback time: managed=26 ms, native=23 ms
		Scripting: domain reloads=1, domain reload time=788 ms, compile time=660 ms, other=15 ms
		Project Asset Count: scripts=174, non-scripts=63
		Asset File Changes: new=0, changed=0, moved=0, deleted=0
		Scan Filter Count: 0
	InvokePackagesCallback: 26.326ms
	ApplyChangesToAssetFolders: 0.984ms
	Scan: 31.817ms
	Collect global state as custom dependencies: 15.209ms
	CategorizeScriptCompilationAssets: 6.774ms
	ProcessAssetsWithTransientArtifactChanges: 7.927ms
	CategorizeAssets: 2.228ms
	CompileScripts: 660.480ms
	ImportOutOfDateAssets: 756.801ms (743.599ms without children)
		UnloadImportedAssets: 2.776ms
		EnsureUptoDateAssetsAreRegisteredWithGuidPM: 0.064ms
		ImportSchedulerStart: 10.356ms
	PostProcessAllAssets: 26.248ms
		MonoPostProcessAllAssets: 26.099ms
			WindowAssetPostprocessingWatcher.OnPostprocessAllAssets 10.688ms
			SpeedTree9Postprocessor.OnPostprocessAllAssets 1.040ms
			EditModeScopePostprocessor.OnPostprocessAllAssets 1.001ms
			ReferencedClipsPostProcessor.OnPostprocessAllAssets 0.436ms
			TerrainToolbarOverlayPostProcessor.OnPostprocessAllAssets 0.259ms
			AssetDatabaseCallbacks.OnPostprocessAllAssets 0.214ms
			RenderPipelineGlobalSettingsPostprocessor.OnPostprocessAllAssets 0.141ms
			SyncVS.PostprocessSyncProject 0.114ms
	UnloadStreamsBegin: 2.239ms
	Untracked: 900.275ms

Application.AssetDatabase Initial Refresh End
Launched and connected shader compiler UnityShaderCompiler.exe after 0.01 seconds
Scanning for USB devices : 5.186ms
Initializing Unity extensions:
[MODES] ModeService[none].Initialize
[MODES] ModeService[none].LoadModes
[MODES] Loading mode Default (0) for mode-current-id-Ash Below
Unloading 2 Unused Serialized files (Serialized files now loaded: 0)
Loaded scene 'Assets/Scenes/Dungeon.unity'
	Deserialize:            1.757 ms
	Integration:            9.221 ms
	Integration of assets:  0.002 ms
	Thread Wait Time:       0.026 ms
	Total Operation Time:   11.006 ms
Unloading 512 unused Assets / (0.6 MB). Loaded Objects now: 1238.
Memory consumption went from 241.0 MB to 240.4 MB.
Total: 5.593900 ms (FindLiveObjects: 0.210900 ms CreateObjectMapping: 0.035900 ms MarkObjects: 4.890200 ms  DeleteObjects: 0.298900 ms)

[LAYOUT] About to load UserSettings\Layouts\default-6000.dwlt, keepMainWindow=False
[LAYOUT] About to save layout C:\Users\ethan\OneDrive\Documents\GitHub\slopgame\UserSettings\Layouts\default-6000.dwlt
[LAYOUT] About to save layout C:/Users/ethan/AppData/Roaming/Unity/Editor-5.x/Preferences\Layouts\current\default-6000.dwlt
[MODES] ModeService[default].InitializeCurrentMode
[MODES] ModeService[default].RaiseModeChanged(default, default)
This project uses Input Manager, which is marked for deprecation. To manage input in your project, use the <a href="https://docs.unity3d.com/Packages/com.unity.inputsystem@latest">Input System package</a> instead.
<RI> Initializing input.
<RI> Input initialized.
[Project] Loading completed in 6.485 seconds
	Project init time: 				5.120 seconds
		Template init time: 		0.000 seconds
		Package Manager init time: 		0.313 seconds
		Asset Database init time: 		0.213 seconds
		Global illumination init time: 	0.003 seconds
		Assemblies load time: 			1.632 seconds
		Unity extensions init time: 	0.004 seconds
		Asset Database refresh time: 	2.467 seconds
	Scene opening time: 			1.169 seconds
##utp:{"type":"ProjectInfo","version":2,"phase":"Immediate","time":1790600590648,"processId":24180,"projectLoad":6.4847047,"projectInit":5.1196659,"templateInit":0.0,"packageManagerInit":0.313299,"assetDatabaseInit":0.2129362,"globalIlluminationInit":0.0026819,"assembliesLoad":1.632329,"unityExtensionsInit":0.0040462,"assetDatabaseRefresh":2.4673896,"sceneOpening":1.1694558}
##utp:{"type":"EditorInfo","version":2,"phase":"Immediate","time":1790600590648,"processId":24180,"editorVersion":"6000.6.3f1 (45d8eee7de74)","branch":"6000.6/staging","buildType":"Release","platform":"Windows"}
Worker ready: AssetImportWorkerHW0 0
[Licensing::Client] Successfully resolved entitlement details
[Licensing::Client] Successfully updated the access token
[Licensing::Module] Successfully updated access token: "G9n0AB4r"... (expires: 2026-09-28T14:30:14Z)
[Licensing::Client] Successfully resolved entitlement details
Created GICache directory at C:/Users/ethan/AppData/LocalLow/Unity/Caches/GiCache. Took: 0.011s, timestamps: [7.261 - 7.272]
[Licensing::Client] Successfully resolved entitlement details
[ScriptCompilation] Requested script compilation because: AssetDatabase observed changes in script compilation related files
Starting: C:\Program Files\Unity\Hub\Editor\6000.6.3f1\Editor\Data\Tools\BuildPipeline\bee_backend.exe --ipc --defer-dag-verification --dagfile="Library/Bee/1900b0aE.dag" --continue-on-failure --profile="Library/Bee/backend1.traceevents" ScriptAssemblies
WorkingDir: C:/Users/ethan/OneDrive/Documents/GitHub/slopgame
ExitCode: 4 Duration: 0s334ms
Rebuilding DAG because FileSignature timestamp changed: Library/Bee/1900b0aE-inputdata.json
[207/222    0s] ILPP-Configuration Library/ilpp-configuration.nevergeneratedoutput
*** Tundra requires additional run (0.31 seconds), 2 items updated, 206 evaluated
Starting: C:\Program Files\Unity\Hub\Editor\6000.6.3f1\Editor\Data\DotNetSdk\dotnet.exe "C:\Program Files\Unity\Hub\Editor\6000.6.3f1\Editor\Data\Tools\BuildPipeline\ScriptCompilationBuildProgram.exe" "Library/Bee/1900b0aE.dag.json" "Library/Bee/1900b0aE-inputdata.json" "Library\Bee\buildprogram0.traceevents"
WorkingDir: C:/Users/ethan/OneDrive/Documents/GitHub/slopgame
ExitCode: 0 Duration: 0s324ms
Starting: C:\Program Files\Unity\Hub\Editor\6000.6.3f1\Editor\Data\Tools\BuildPipeline\bee_backend.exe --ipc --defer-dag-verification --dagfile="Library/Bee/1900b0aE.dag" --continue-on-failure --dagfilejson="Library\Bee\1900b0aE.dag.json" --profile="Library/Bee/backend2.traceevents" ScriptAssemblies
WorkingDir: C:/Users/ethan/OneDrive/Documents/GitHub/slopgame
ExitCode: 0 Duration: 1s16ms
Finished compiling graph: 225 nodes, 1511 flattened edges (1443 ToBuild, 12 ToUse), maximum node priority 72
[189/222    0s] WriteText Library/Bee/artifacts/1900b0aE.dag/Assembly-CSharp.rsp
[207/222    0s] ILPP-Configuration Library/ilpp-configuration.nevergeneratedoutput
[214/222    0s] Csc Library/Bee/artifacts/1900b0aE.dag/Assembly-CSharp.dll (+2 others)
[215/222    0s] ILPostProcess Library/Bee/artifacts/1900b0aE.dag/post-processed/Assembly-CSharp.dll (+pdb)
Processing assembly Library/Bee/artifacts/1900b0aE.dag/Assembly-CSharp.dll, with 148 defines and 289 references

processors: zzzUnity.Burst.CodeGen.BurstILPostProcessor

1 processor(s) skipped this assembly
[216/222    0s] CopyFiles Library/ScriptAssemblies/Assembly-CSharp.pdb
[217/222    0s] CopyFiles Library/ScriptAssemblies/Assembly-CSharp.dll
[218/222    0s] Csc Library/Bee/artifacts/1900b0aE.dag/Assembly-CSharp-Editor.dll (+2 others)
Assets\Scripts\Editor\DungeonProjectSetup.cs(70,27): warning CS0618: 'Object.FindFirstObjectByType<T>()' is obsolete: 'FindFirstObjectByType has been deprecated because it relies on instance ID ordering. Use FindAnyObjectByType instead, which does not depend on ordering.'

Assets\Scripts\Editor\DungeonProjectSetup.cs(102,79): warning CS0618: 'FindObjectsSortMode' is obsolete: 'FindObjectsSortMode has been deprecated. Use the FindObjectsByType overloads that do not take a FindObjectsSortMode parameter.'

Assets\Scripts\Editor\DungeonProjectSetup.cs(102,25): warning CS0618: 'Object.FindObjectsByType<T>(FindObjectsSortMode)' is obsolete: 'FindObjectsByType with FindObjectsSortMode parameter has been deprecated. Use FindObjectsByType<T>() or FindObjectsByType<T>(FindObjectsInactive) instead. InstanceID will be replaced in the future with EntityId and previous sort order cannot be maintained.'

Assets\Scripts\Editor\DungeonProjectSetup.cs(268,85): warning CS0618: 'FindObjectsSortMode' is obsolete: 'FindObjectsSortMode has been deprecated. Use the FindObjectsByType overloads that do not take a FindObjectsSortMode parameter.'

Assets\Scripts\Editor\DungeonProjectSetup.cs(268,30): warning CS0618: 'Object.FindObjectsByType<T>(FindObjectsSortMode)' is obsolete: 'FindObjectsByType with FindObjectsSortMode parameter has been deprecated. Use FindObjectsByType<T>() or FindObjectsByType<T>(FindObjectsInactive) instead. InstanceID will be replaced in the future with EntityId and previous sort order cannot be maintained.'

Assets\Scripts\Editor\DungeonProjectSetup.cs(284,85): warning CS0618: 'FindObjectsSortMode' is obsolete: 'FindObjectsSortMode has been deprecated. Use the FindObjectsByType overloads that do not take a FindObjectsSortMode parameter.'

Assets\Scripts\Editor\DungeonProjectSetup.cs(284,30): warning CS0618: 'Object.FindObjectsByType<T>(FindObjectsSortMode)' is obsolete: 'FindObjectsByType with FindObjectsSortMode parameter has been deprecated. Use FindObjectsByType<T>() or FindObjectsByType<T>(FindObjectsInactive) instead. InstanceID will be replaced in the future with EntityId and previous sort order cannot be maintained.'

Assets\Scripts\Editor\DungeonProjectSetup.cs(313,72): warning CS0618: 'FindObjectsSortMode' is obsolete: 'FindObjectsSortMode has been deprecated. Use the FindObjectsByType overloads that do not take a FindObjectsSortMode parameter.'

Assets\Scripts\Editor\DungeonProjectSetup.cs(313,17): warning CS0618: 'Object.FindObjectsByType<T>(FindObjectsSortMode)' is obsolete: 'FindObjectsByType with FindObjectsSortMode parameter has been deprecated. Use FindObjectsByType<T>() or FindObjectsByType<T>(FindObjectsInactive) instead. InstanceID will be replaced in the future with EntityId and previous sort order cannot be maintained.'
[219/222    0s] ILPostProcess Library/Bee/artifacts/1900b0aE.dag/post-processed/Assembly-CSharp-Editor.dll (+pdb)
Processing assembly Library/Bee/artifacts/1900b0aE.dag/Assembly-CSharp-Editor.dll, with 146 defines and 302 references

processors: zzzUnity.Burst.CodeGen.BurstILPostProcessor

1 processor(s) skipped this assembly
[220/222    0s] CopyFiles Library/ScriptAssemblies/Assembly-CSharp-Editor.pdb
[221/222    0s] CopyFiles Library/ScriptAssemblies/Assembly-CSharp-Editor.dll
*** Tundra build success (0.99 seconds), 10 items updated, 222 evaluated
Assets\Scripts\Editor\DungeonProjectSetup.cs(70,27): warning CS0618: 'Object.FindFirstObjectByType<T>()' is obsolete: 'FindFirstObjectByType has been deprecated because it relies on instance ID ordering. Use FindAnyObjectByType instead, which does not depend on ordering.'
Assets\Scripts\Editor\DungeonProjectSetup.cs(102,79): warning CS0618: 'FindObjectsSortMode' is obsolete: 'FindObjectsSortMode has been deprecated. Use the FindObjectsByType overloads that do not take a FindObjectsSortMode parameter.'
Assets\Scripts\Editor\DungeonProjectSetup.cs(102,25): warning CS0618: 'Object.FindObjectsByType<T>(FindObjectsSortMode)' is obsolete: 'FindObjectsByType with FindObjectsSortMode parameter has been deprecated. Use FindObjectsByType<T>() or FindObjectsByType<T>(FindObjectsInactive) instead. InstanceID will be replaced in the future with EntityId and previous sort order cannot be maintained.'
Assets\Scripts\Editor\DungeonProjectSetup.cs(268,85): warning CS0618: 'FindObjectsSortMode' is obsolete: 'FindObjectsSortMode has been deprecated. Use the FindObjectsByType overloads that do not take a FindObjectsSortMode parameter.'
Assets\Scripts\Editor\DungeonProjectSetup.cs(268,30): warning CS0618: 'Object.FindObjectsByType<T>(FindObjectsSortMode)' is obsolete: 'FindObjectsByType with FindObjectsSortMode parameter has been deprecated. Use FindObjectsByType<T>() or FindObjectsByType<T>(FindObjectsInactive) instead. InstanceID will be replaced in the future with EntityId and previous sort order cannot be maintained.'
Assets\Scripts\Editor\DungeonProjectSetup.cs(284,85): warning CS0618: 'FindObjectsSortMode' is obsolete: 'FindObjectsSortMode has been deprecated. Use the FindObjectsByType overloads that do not take a FindObjectsSortMode parameter.'
Assets\Scripts\Editor\DungeonProjectSetup.cs(284,30): warning CS0618: 'Object.FindObjectsByType<T>(FindObjectsSortMode)' is obsolete: 'FindObjectsByType with FindObjectsSortMode parameter has been deprecated. Use FindObjectsByType<T>() or FindObjectsByType<T>(FindObjectsInactive) instead. InstanceID will be replaced in the future with EntityId and previous sort order cannot be maintained.'
Assets\Scripts\Editor\DungeonProjectSetup.cs(313,72): warning CS0618: 'FindObjectsSortMode' is obsolete: 'FindObjectsSortMode has been deprecated. Use the FindObjectsByType overloads that do not take a FindObjectsSortMode parameter.'
Assets\Scripts\Editor\DungeonProjectSetup.cs(313,17): warning CS0618: 'Object.FindObjectsByType<T>(FindObjectsSortMode)' is obsolete: 'FindObjectsByType with FindObjectsSortMode parameter has been deprecated. Use FindObjectsByType<T>() or FindObjectsByType<T>(FindObjectsInactive) instead. InstanceID will be replaced in the future with EntityId and previous sort order cannot be maintained.'
Total cache size 25569132
Total cache size after purge 25569132, took 00:00:00.0408184
Reloading assemblies after forced synchronous recompile.
Begin MonoManager ReloadAssembly
Native extension for WindowsStandalone target not found
Native extension for WebGL target not found
[MODES] ModeService[none].Initialize
[MODES] ModeService[none].LoadModes
ScheduleIndexationOnStartup MainProcess:True IndexOnStartup:True
Scripting: successfully reloaded assembly
- Finished resetting the current domain, in  1.569 seconds
Domain Reload Profiling: 2285ms
	BeginReloadAssembly (464ms)
		DisableScriptedObjects (134ms)
		CreateAndSetChildDomain (95ms)
	RebuildCommonClasses (11ms)
	RebuildNativeTypeToScriptingClass (18ms)
	initialDomainReloadingComplete (56ms)
	LoadAllAssembliesAndSetupDomain (165ms)
		LoadAssemblies (147ms)
		TypeCache.Refresh (6ms)
		AnalyzeDomain (14ms)
			BuildScriptInfoCaches (13ms)
	FinalizeReload (1570ms)
		SetupLoadedEditorAssemblies (0ms)
			BeforeProcessingInitializeOnLoad (165ms)
			ProcessInitializeOnLoadAttributes (147ms)
			ProcessInitializeOnLoadMethodAttributes (50ms)
			AfterProcessingInitializeOnLoad (5ms)
		AwakeInstancesAfterBackupRestoration (780ms)
Importing 'GUID: 96e01b5404f9b259bb5048c2b0b5b094 - Path: Assets/Resources/Characters/Archer.asset' with importer (NativeFormatImporter)
Imported 'GUID: 96e01b5404f9b259bb5048c2b0b5b094' -> (Import Result ID: '353a0cf115cef611cba88ccd5e7352c6') in 0.006 seconds [static dependencies only]. Details - ImportResultOutputID=37ed860b9279786491ea86a396cb6203 DependenciesID=70df6a410bec11cb28c078f98bc298d5 StaticDependenciesID=777dcc662f59cbe60e2981617221f900 

Asset Pipeline Refresh (id=0264a2df55a6dc7459e58e8b414c9a95): Total: 4.487 seconds - Initiated by RefreshV2(AllowForceSynchronousImport)
	(Values over 0.05ms)
	Summary:
		Imports: total=1 (actual=1, local cache=0, cache server=0)
		Asset DB Process Time: managed=2 ms, native=1675 ms
		Asset DB Callback time: managed=47 ms, native=18 ms
		Scripting: domain reloads=1, domain reload time=758 ms, compile time=1985 ms, other=0 ms
		Project Asset Count: scripts=174, non-scripts=64
		Asset File Changes: new=4, changed=11, moved=0, deleted=0
		Scan Filter Count: 0
	InvokePackagesCallback: 2.780ms
	ApplyChangesToAssetFolders: 0.265ms
	Scan: 35.608ms
	Collect global state as custom dependencies: 1.657ms
	OnSourceAssetsModified: 0.744ms
	CategorizeScriptCompilationAssets: 0.059ms
	ProcessAssetsWithTransientArtifactChanges: 0.848ms
	CategorizeAssets: 1.021ms
	CompileScripts: 1984.588ms
	ImportOutOfDateAssets: 1580.821ms (1571.409ms without children)
		ImportManagerImport: 7.743ms (1.284ms without children)
		UnloadImportedAssets: 1.265ms
		ImportSchedulerStart: 0.356ms
	PostProcessAllAssets: 46.053ms
		VersionControlSettings.HiddenFilePostprocess 0.104ms
		PostProcessCallbackCreateDeferredMaterials 0.059ms
		MonoPostProcessAllAssets: 45.106ms
			WindowAssetPostprocessingWatcher.OnPostprocessAllAssets 8.077ms
			BuilderAssetPostprocessor.OnPostprocessAllAssets 7.965ms
			AssetChangedListener.OnPostprocessAllAssets 6.607ms
			AssetPostprocessor.OnPostprocessAllAssets 5.327ms
			EditModeScopePostprocessor.OnPostprocessAllAssets 1.505ms
			RetainedModeAssetPostprocessor.OnPostprocessAllAssets 1.223ms
			SpeedTree9Postprocessor.OnPostprocessAllAssets 1.073ms
			TextAssetPostProcessor.OnPostprocessAllAssets 0.720ms
			ArtifactBrowserPostProcessor.OnPostprocessAllAssets 0.657ms
			AudioMixerPostprocessor.OnPostprocessAllAssets 0.315ms
			ReferencedClipsPostProcessor.OnPostprocessAllAssets 0.268ms
			StyleCatalogPostProcessor.OnPostprocessAllAssets 0.268ms
			AssetDatabaseCallbacks.OnPostprocessAllAssets 0.265ms
			ConfigAssetsTracker.OnPostprocessAllAssets 0.235ms
			ScenarioDriftAssetsTracker.OnPostprocessAllAssets 0.234ms
			AssetEvents.OnPostprocessAllAssets 0.232ms
			SpeedTreePostProcessor.OnPostprocessAllAssets 0.193ms
			TerrainToolbarOverlayPostProcessor.OnPostprocessAllAssets 0.172ms
			ThemePostprocessor.OnPostprocessAllAssets 0.163ms
			SyncVS.PostprocessSyncProject 0.150ms
			RenderPipelineGlobalSettingsPostprocessor.OnPostprocessAllAssets 0.092ms
			AudioContainerPostProcessor.OnPostprocessAllAssets 0.087ms
	PostAssetChangesProfiler: 18.786ms
	UnloadStreamsBegin: 1.304ms
	Untracked: 786.998ms

MonoPathRemapper: Attempts to remap: 4243; Successful remaps: 0
Serialized file version minimum: 23, current 23
[LAYOUT] About to save layout C:\Users\ethan\OneDrive\Documents\GitHub\slopgame\UserSettings\Layouts\default-6000.dwlt
[LAYOUT] About to save layout C:/Users/ethan/AppData/Roaming/Unity/Editor-5.x/Preferences\Layouts\current\default-6000.dwlt
[Physics::Module] Cleanup current backend.
[Physics::Module] Id: 0xf2b8ea05
Input System module state changed to: ShutdownInProgress.
Input Polling Thread exited.
Input System module state changed to: Shutdown.
[Licensing::IpcConnector] LicenseClient-ethan-notifications channel disconnected successfully.
[Licensing::IpcConnector] LicenseClient-ethan channel disconnected successfully.
Lingering sessions upon destruction of worker manager
Shut down UDS service system complete
Unity Data Store service was successfully shut down
UDS shutting down local client system
AcceleratorClientConnectionCallback - disconnected - :0
Cleanup mono
CodeReloadManager destroyed
abort_threads: Failed aborting id: 0000000000006814, mono_thread_manage will ignore it

abort_threads: Failed aborting id: 000000000000305C, mono_thread_manage will ignore it

abort_threads: Failed aborting id: 0000000000006814, mono_thread_manage will ignore it

abort_threads: Failed aborting id: 000000000000305C, mono_thread_manage will ignore it

debugger-agent: Unable to listen on 4008
VBCSCompilerPreWarmer: requested VBCSCompiler shutdown
Checking for leaked weakptr:
  Found no leaked weakptrs.
[Package Manager] Server process was shutdown
##utp:{"type":"MemoryLeaks","version":2,"phase":"Immediate","time":1790600602380,"processId":24180,"allocatedMemory":11521489,"memoryLabels":[{"Default":175472},{"Permanent":15516},{"NewDelete":69821},{"Thread":4198024},{"Manager":32573},{"VertexData":8},{"Geometry":816},{"Texture":24},{"Shader":847153},{"Material":68},{"GfxDevice":55968},{"Animation":952},{"Audio":896},{"FreeType":8},{"FontEngine":736},{"Physics":1970},{"Physics2D":16},{"Serialization":16640},{"Input":42840},{"JobScheduler":256},{"TextLib":19030},{"Mono":48},{"ScriptingNativeRuntime":1210712},{"BaseObject":48912},{"Resource":1252},{"Renderer":2376},{"Transform":4685},{"File":7385},{"WebCam":616},{"Culling":32},{"Terrain":11442},{"Wind":24},{"STL":40},{"String":847606},{"StaticString":3808},{"Utility":2674402},{"Curl":48},{"PoolAlloc":2168},{"AI":80},{"TypeTree":130828},{"ScriptManager":18984},{"CodeReload":448},{"RuntimeInitializeOnLoadManager":64},{"Sprites":102},{"SpriteAtlas":120},{"GI":7816},{"Director":8296},{"CloudService":7728},{"WebRequest":4580},{"VR":49650},{"SceneManager":608},{"Video":208},{"LazyScriptCache":32},{"Camera":729},{"Secure":265},{"SerializationCache":9256},{"APIUpdating":10320},{"Subsystems":336},{"VirtualTexturing":57888},{"StaticSafetyDebugInfo":278528},{"Analytics":768},{"Hierarchy":1188},{"UIElements":40},{"CoreStats":14456},{"Identifiers":7152},{"Gui":128},{"EditorUtility":118052},{"VersionControl":8},{"Undo":931},{"AssetDatabase":431213},{"AssetImporter":40},{"EditorGi":328},{"UnityConnect":36881},{"Upm":1988},{"UpmDiagnostics":8},{"AssetCompliance":96},{"DrivenProperties":72},{"LocalIPC":260},{"ProfilerEditor":9746},{"CoreBusinessMetrics":3600},{"Windowing":456},{"Licensing":12805},{"AssetReference":32},{"IPCStream":32}]}
