VBCSCompilerPreWarmer: watching VBCSCompiler (PID 29972)
VBCSCompilerPreWarmer: pre-warm launched (dotnet PID 29328)
VBCSCompiler prewarm took 16.84 ms
[Licensing::Module] Trying to connect to existing licensing client channel...
Built from '6000.6/staging' branch; Version is '6000.6.3f1 (45d8eee7de74) revision 4577518'; Using compiler version '194234433'; Build Type 'Release'
[Licensing::IpcConnector] Successfully connected to: "LicenseClient-ethan" at "2026-09-28T13:03:30.2398467Z"
OS: 'Windows 11  (10.0.26200) Core' Language: 'en' Physical Memory: 16220 MB
BatchMode: 0, IsHumanControllingUs: 1, StartBugReporterOnCrash: 1, Is64bit: 1
System  architecture: x64
Process architecture: x64
Date: 2026-09-28T13:03:30Z
[Licensing::Client] Code 10 while verifying Licensing Client signature (process Id: 25832, path: "C:/Program Files/Unity Hub/UnityLicensingClient_V1/Unity.Licensing.Client.exe")
[Licensing::Module] LicensingClient has failed validation; ignoring
[Licensing::Client] Handshaking with LicensingClient:
  Version:                 1.18.3+d7ffd15
  Session Id:              10f1237fda634f4d8d8c19d27da24e9d
  Correlation Id:          f733b4adbc124dc30629cc872d5615a7
  External correlation Id: 119531338389270455
  Machine Id:              hQSWSTZp2GHylM8FJMoQ2DFfraQ=
[Licensing::Module] Successfully connected to LicensingClient on channel: "LicenseClient-ethan" (connect: 0.00s, validation: 0.00s, handshake: 0.04s)
[Licensing::IpcConnector] Successfully connected to: "LicenseClient-ethan-notifications" at "2026-09-28T13:03:30.2809015Z"
[Licensing::Client] Successfully updated the access token
[Licensing::Module] Successfully updated the access token G9n0AB4rrs...
[Licensing::Client] Successfully resolved entitlement details
[Licensing::Module] License group:
  Id: 2476054875876-UnityPersXXXX
  Product: Unity Personal
  Type: Assigned
  Expiration: Unlimited
[Licensing::Client] Successfully updated license, isAsync: True, time: 0.00
[Licensing::Client] Successfully resolved entitlement details
[Licensing::Module] Licensing Background thread has ended after 0.05s

COMMAND LINE ARGUMENTS:
C:\Program Files\Unity\Hub\Editor\6000.6.3f1\Editor\Unity.exe
-projectpath
C:\Users\ethan\OneDrive\Documents\GitHub\slopgame
-acceptSoftwareTermsForThisRunOnly
-useHub
-hubIPC
-cloudEnvironment
production
-licensingIpc
LicenseClient-ethan
-hubSessionId
7151044a-f293-493b-a13f-f5e488f5deba
-accessToken
G9n0AB4rrsf6Kw4xYVDhCV5wJJgYLR6g_C13vaDtUn8002f
Successfully changed project path to: C:\Users\ethan\OneDrive\Documents\GitHub\slopgame
C:/Users/ethan/OneDrive/Documents/GitHub/slopgame
[UnityMemory] Configuration Parameters - Can be set up in boot.config
    "memorysetup-temp-allocator-size-gi-baking-worker=262144"
    "memorysetup-temp-allocator-size-gi-baking-worker=262144"
    "memorysetup-temp-allocator-size-gi-baking-worker=262144"
    "memorysetup-temp-allocator-size-gi-baking-worker=262144"
    "memorysetup-temp-allocator-size-gi-baking-worker=262144"
    "memorysetup-temp-allocator-size-nav-mesh-worker=65536"
    "memorysetup-temp-allocator-size-audio-worker=65536"
    "memorysetup-temp-allocator-size-cloud-worker=32768"
    "memorysetup-temp-allocator-size-gfx=262144"
    "memorysetup-remapper-allocator-initial-capacity=32768"
    "memorysetup-temp-allocator-size-preload-manager=33554432"
    "memorysetup-allocator-temp-initial-block-size-main=262144"
    "memorysetup-allocator-temp-initial-block-size-worker=262144"
    "memorysetup-temp-allocator-size-job-worker=262144"
    "memorysetup-temp-allocator-size-background-worker=32768"
    "memorysetup-bucket-allocator-granularity=16"
    "memorysetup-bucket-allocator-bucket-count=8"
    "memorysetup-bucket-allocator-block-size=33554432"
    "memorysetup-bucket-allocator-block-count=8"
    "memorysetup-main-allocator-block-size=16777216"
    "memorysetup-thread-allocator-block-size=16777216"
    "memorysetup-main-allocator-mimalloc-enabled=1"
    "memorysetup-gfx-main-allocator-block-size=16777216"
    "memorysetup-gfx-thread-allocator-block-size=16777216"
    "memorysetup-cache-allocator-block-size=4194304"
    "memorysetup-typetree-allocator-block-size=2097152"
    "memorysetup-profiler-bucket-allocator-granularity=16"
    "memorysetup-profiler-bucket-allocator-bucket-count=8"
    "memorysetup-profiler-bucket-allocator-block-size=33554432"
    "memorysetup-profiler-bucket-allocator-block-count=8"
    "memorysetup-profiler-allocator-block-size=16777216"
    "memorysetup-profiler-editor-allocator-block-size=1048576"
    "memorysetup-temp-allocator-size-main=16777216"
    "memorysetup-job-temp-allocator-block-size=2097152"
    "memorysetup-job-temp-allocator-block-size-background=1048576"
    "memorysetup-job-temp-allocator-reduction-small-platforms=262144"
Player connection [11500]  Target information:

Player connection [11500]  * "[IP] 192.168.1.195 [Port] 55504 [Flags] 2 [Guid] 996592095 [EditorId] 996592095 [Version] 1048832 [Id] WindowsEditor(7,ethan) [Debug] 1 [PackageName] WindowsEditor [ProjectName] Editor" 

Player connection [11500] Host joined multi-casting on [225.0.0.222:54997]...
Player connection [11500] Host joined alternative multi-casting on [225.0.0.222:34997]...
Input System module state changed to: Initialized.
[Physics::Module] Initialized fallback backend.
[Physics::Module] Id: 0xdecafbad
[Package Manager] Connected to IPC stream "Upm-5656" after 0.3 seconds.
[Licensing::Client] Successfully resolved entitlement details
Library Redirect Path: Library/
Initialising UDS system complete:
  - System type: Client
  - Resource namespace: 208ab9a6e2328849489e810dbab0b831
  - Shared memory size: 1073741824
  - Command buffer id: 1052576
  - Command buffer size: 8192
  - Hashmap size: 4194304
  - Service connected: false
Launching Unity Data Store - C:/Program Files/Unity/Hub/Editor/6000.6.3f1/Editor/Data/Tools/Unity.DataStore.exe 
Unity Data Store artifact dir = Library/DataStore, working dir = C:/Users/ethan/OneDrive/Documents/GitHub/slopgameUnity Data Store running and initialised
[Physics::Module] Selected backend (deferred post-plugins).
[Physics::Module] Name: PhysX
[Physics::Module] Id: 0xf2b8ea05
[Physics::Module] SDK Version: 4.1.2
[Physics::Module] Integration Version: 1.0.0
[Physics::Module] Threading Mode: Multi-Threaded
Initialize engine version: 6000.6.3f1 (45d8eee7de74)
[EntityIdStore] init: VM path (explicit commit), pageSize=4096, blockCount=1048576, entitiesPerBlock=256, slots reserved=4294967296 bytes
[Subsystems] Discovering subsystems at path C:/Program Files/Unity/Hub/Editor/6000.6.3f1/Editor/Data/Resources/UnitySubsystems
[Subsystems] Discovering subsystems at path C:/Users/ethan/OneDrive/Documents/GitHub/slopgame/Assets
GfxDevice: creating device client; kGfxThreadingModeThreaded
Direct3D:
    Version:  Direct3D 11.0 [level 11.1]
    Renderer: NVIDIA GeForce RTX 3050 (ID=0x2582)
    Vendor:   NVIDIA
    VRAM:     8042 MB
    Driver:   32.0.15.8180
Initialize mono
Mono path[0] = 'C:/Program Files/Unity/Hub/Editor/6000.6.3f1/Editor/Data/Managed'
Mono path[1] = 'C:/Program Files/Unity/Hub/Editor/6000.6.3f1/Editor/Data/BCLExtensions/runtime/netstandard2.1'
Mono path[2] = 'C:/Program Files/Unity/Hub/Editor/6000.6.3f1/Editor/Data/MonoBleedingEdge/lib/mono/unityjit-win32'
Mono config path = 'C:/Program Files/Unity/Hub/Editor/6000.6.3f1/Editor/Data/MonoBleedingEdge/etc'
Using monoOptions --debugger-agent=transport=dt_socket,embedding=1,server=y,suspend=n,address=127.0.0.1:56656
CodeReloadManager initialized
ImportWorker Server TCP listen port: 0
AcceleratorClientConnectionCallback - disconnected - :0
Begin MonoManager ReloadAssembly
Registering precompiled unity dll's ...
Register platform support module: C:/Program Files/Unity/Hub/Editor/6000.6.3f1/Editor/Data/PlaybackEngines/WebGLSupport/UnityEditor.WebGL.Extensions.dll
Register platform support module: C:/Program Files/Unity/Hub/Editor/6000.6.3f1/Editor/Data/PlaybackEngines/WindowsStandaloneSupport/UnityEditor.WindowsStandalone.Extensions.dll
Registered in 0.002408 seconds.
Native extension for WindowsStandalone target not found
Native extension for WebGL target not found
Package Manager log level set to [2]
ScheduleIndexationOnStartup MainProcess:False IndexOnStartup:True
Scripting: successfully reloaded assembly
- Finished resetting the current domain, in  0.839 seconds
Domain Reload Profiling: 1523ms
	BeginReloadAssembly (165ms)
		CreateAndSetChildDomain (11ms)
	RebuildCommonClasses (6ms)
	RebuildNativeTypeToScriptingClass (20ms)
	initialDomainReloadingComplete (83ms)
	LoadAllAssembliesAndSetupDomain (409ms)
		LoadAssemblies (152ms)
		TypeCache.Refresh (279ms)
			TypeCache.ScanAssembly (263ms)
		AnalyzeDomain (1ms)
	FinalizeReload (841ms)
		SetupLoadedEditorAssemblies (0ms)
			InitializePlatformSupportModulesInManaged (3ms)
			BeforeProcessingInitializeOnLoad (129ms)
			ProcessInitializeOnLoadAttributes (165ms)
			ProcessInitializeOnLoadMethodAttributes (283ms)
[Licensing::Client] Successfully resolved entitlement details
Application.AssetDatabase Initial Refresh Start
[Package Manager] Restoring resolved packages state from cache
[Licensing::Client] Successfully resolved entitlement details
[Package Manager] Registered 42 packages:
  Packages from [https://packages.unity.com]:
    com.unity.ide.rider@3.0.38 (location: C:\Users\ethan\OneDrive\Documents\GitHub\slopgame\Library\PackageCache\com.unity.ide.rider@1f60b3138684)
    com.unity.ide.visualstudio@2.0.26 (location: C:\Users\ethan\OneDrive\Documents\GitHub\slopgame\Library\PackageCache\com.unity.ide.visualstudio@a99d56dec63f)
  Built-in packages:
    com.unity.modules.accessibility@1.0.0 (location: C:\Users\ethan\OneDrive\Documents\GitHub\slopgame\Library\PackageCache\com.unity.modules.accessibility)
    com.unity.modules.adaptiveperformance@1.0.0 (location: C:\Users\ethan\OneDrive\Documents\GitHub\slopgame\Library\PackageCache\com.unity.modules.adaptiveperformance)
    com.unity.modules.ai@1.0.0 (location: C:\Users\ethan\OneDrive\Documents\GitHub\slopgame\Library\PackageCache\com.unity.modules.ai)
    com.unity.modules.androidjni@1.0.0 (location: C:\Users\ethan\OneDrive\Documents\GitHub\slopgame\Library\PackageCache\com.unity.modules.androidjni)
    com.unity.modules.animation@1.0.0 (location: C:\Users\ethan\OneDrive\Documents\GitHub\slopgame\Library\PackageCache\com.unity.modules.animation)
    com.unity.modules.assetbundle@1.0.0 (location: C:\Users\ethan\OneDrive\Documents\GitHub\slopgame\Library\PackageCache\com.unity.modules.assetbundle)
    com.unity.modules.audio@1.0.0 (location: C:\Users\ethan\OneDrive\Documents\GitHub\slopgame\Library\PackageCache\com.unity.modules.audio)
    com.unity.modules.cloth@1.0.0 (location: C:\Users\ethan\OneDrive\Documents\GitHub\slopgame\Library\PackageCache\com.unity.modules.cloth)
    com.unity.modules.director@1.0.0 (location: C:\Users\ethan\OneDrive\Documents\GitHub\slopgame\Library\PackageCache\com.unity.modules.director)
    com.unity.modules.imageconversion@1.0.0 (location: C:\Users\ethan\OneDrive\Documents\GitHub\slopgame\Library\PackageCache\com.unity.modules.imageconversion)
    com.unity.modules.imgui@1.0.0 (location: C:\Users\ethan\OneDrive\Documents\GitHub\slopgame\Library\PackageCache\com.unity.modules.imgui)
    com.unity.modules.jsonserialize@1.0.0 (location: C:\Users\ethan\OneDrive\Documents\GitHub\slopgame\Library\PackageCache\com.unity.modules.jsonserialize)
    com.unity.modules.particlesystem@1.0.0 (location: C:\Users\ethan\OneDrive\Documents\GitHub\slopgame\Library\PackageCache\com.unity.modules.particlesystem)
    com.unity.modules.physics@1.0.0 (location: C:\Users\ethan\OneDrive\Documents\GitHub\slopgame\Library\PackageCache\com.unity.modules.physics)
    com.unity.modules.physics2d@1.0.0 (location: C:\Users\ethan\OneDrive\Documents\GitHub\slopgame\Library\PackageCache\com.unity.modules.physics2d)
    com.unity.modules.physicscore2d@1.0.0 (location: C:\Users\ethan\OneDrive\Documents\GitHub\slopgame\Library\PackageCache\com.unity.modules.physicscore2d)
    com.unity.modules.screencapture@1.0.0 (location: C:\Users\ethan\OneDrive\Documents\GitHub\slopgame\Library\PackageCache\com.unity.modules.screencapture)
    com.unity.modules.terrain@1.0.0 (location: C:\Users\ethan\OneDrive\Documents\GitHub\slopgame\Library\PackageCache\com.unity.modules.terrain)
    com.unity.modules.terrainphysics@1.0.0 (location: C:\Users\ethan\OneDrive\Documents\GitHub\slopgame\Library\PackageCache\com.unity.modules.terrainphysics)
    com.unity.modules.tetgen@1.0.0 (location: C:\Users\ethan\OneDrive\Documents\GitHub\slopgame\Library\PackageCache\com.unity.modules.tetgen)
    com.unity.modules.tilemap@1.0.0 (location: C:\Users\ethan\OneDrive\Documents\GitHub\slopgame\Library\PackageCache\com.unity.modules.tilemap)
    com.unity.modules.timelinefoundation@1.0.0 (location: C:\Users\ethan\OneDrive\Documents\GitHub\slopgame\Library\PackageCache\com.unity.modules.timelinefoundation)
    com.unity.modules.ui@1.0.0 (location: C:\Users\ethan\OneDrive\Documents\GitHub\slopgame\Library\PackageCache\com.unity.modules.ui)
    com.unity.modules.uielements@1.0.0 (location: C:\Users\ethan\OneDrive\Documents\GitHub\slopgame\Library\PackageCache\com.unity.modules.uielements)
    com.unity.modules.umbra@1.0.0 (location: C:\Users\ethan\OneDrive\Documents\GitHub\slopgame\Library\PackageCache\com.unity.modules.umbra)
    com.unity.modules.unityanalytics@1.0.0 (location: C:\Users\ethan\OneDrive\Documents\GitHub\slopgame\Library\PackageCache\com.unity.modules.unityanalytics)
    com.unity.modules.unitywebrequest@1.0.0 (location: C:\Users\ethan\OneDrive\Documents\GitHub\slopgame\Library\PackageCache\com.unity.modules.unitywebrequest)
    com.unity.modules.unitywebrequestassetbundle@1.0.0 (location: C:\Users\ethan\OneDrive\Documents\GitHub\slopgame\Library\PackageCache\com.unity.modules.unitywebrequestassetbundle)
    com.unity.modules.unitywebrequestaudio@1.0.0 (location: C:\Users\ethan\OneDrive\Documents\GitHub\slopgame\Library\PackageCache\com.unity.modules.unitywebrequestaudio)
    com.unity.modules.unitywebrequesttexture@1.0.0 (location: C:\Users\ethan\OneDrive\Documents\GitHub\slopgame\Library\PackageCache\com.unity.modules.unitywebrequesttexture)
    com.unity.modules.unitywebrequestwww@1.0.0 (location: C:\Users\ethan\OneDrive\Documents\GitHub\slopgame\Library\PackageCache\com.unity.modules.unitywebrequestwww)
    com.unity.modules.vectorgraphics@1.0.0 (location: C:\Users\ethan\OneDrive\Documents\GitHub\slopgame\Library\PackageCache\com.unity.modules.vectorgraphics)
    com.unity.modules.vehicles@1.0.0 (location: C:\Users\ethan\OneDrive\Documents\GitHub\slopgame\Library\PackageCache\com.unity.modules.vehicles)
    com.unity.modules.video@1.0.0 (location: C:\Users\ethan\OneDrive\Documents\GitHub\slopgame\Library\PackageCache\com.unity.modules.video)
    com.unity.modules.wind@1.0.0 (location: C:\Users\ethan\OneDrive\Documents\GitHub\slopgame\Library\PackageCache\com.unity.modules.wind)
    com.unity.modules.xr@1.0.0 (location: C:\Users\ethan\OneDrive\Documents\GitHub\slopgame\Library\PackageCache\com.unity.modules.xr)
    com.unity.modules.subsystems@1.0.0 (location: C:\Users\ethan\OneDrive\Documents\GitHub\slopgame\Library\PackageCache\com.unity.modules.subsystems)
    com.unity.modules.hierarchycore@1.0.0 (location: C:\Users\ethan\OneDrive\Documents\GitHub\slopgame\Library\PackageCache\com.unity.modules.hierarchycore)
    com.unity.test-framework@1.8.0 (location: C:\Users\ethan\OneDrive\Documents\GitHub\slopgame\Library\PackageCache\com.unity.test-framework@80f691d4262b)
    com.unity.ext.nunit@2.1.0 (location: C:\Users\ethan\OneDrive\Documents\GitHub\slopgame\Library\PackageCache\com.unity.ext.nunit@0198eae3b53e)
[Subsystems] No new subsystems found in resolved package list.
[Package Manager] Done registering packages in 0.02 seconds
Starting: C:\Program Files\Unity\Hub\Editor\6000.6.3f1\Editor\Data\Tools\BuildPipeline\bee_backend.exe --ipc --defer-dag-verification --dagfile="Library/Bee/1900b0aE.dag" --continue-on-failure --profile="Library/Bee/backend1.traceevents" ScriptAssemblies
WorkingDir: C:/Users/ethan/OneDrive/Documents/GitHub/slopgame
ExitCode: 0 Duration: 0s167ms
[209/222    0s] ILPP-Configuration Library/ilpp-configuration.nevergeneratedoutput
*** Tundra build success (0.13 seconds), 1 items updated, 222 evaluated
AssetDatabase: script compilation time: 0.609218s
Total cache size 25569132
Total cache size after purge 25569132, took 00:00:00.0368339
Begin MonoManager ReloadAssembly
Native extension for WindowsStandalone target not found
Native extension for WebGL target not found
ScheduleIndexationOnStartup MainProcess:True IndexOnStartup:True
Scripting: successfully reloaded assembly
- Finished resetting the current domain, in  0.582 seconds
Domain Reload Profiling: 1149ms
	BeginReloadAssembly (246ms)
		DisableScriptedObjects (28ms)
		CreateAndSetChildDomain (43ms)
	RebuildCommonClasses (9ms)
	RebuildNativeTypeToScriptingClass (16ms)
	initialDomainReloadingComplete (46ms)
	LoadAllAssembliesAndSetupDomain (248ms)
		LoadAssemblies (208ms)
		TypeCache.Refresh (15ms)
			TypeCache.ScanAssembly (10ms)
		AnalyzeDomain (8ms)
			BuildScriptInfoCaches (7ms)
	FinalizeReload (584ms)
		SetupLoadedEditorAssemblies (0ms)
			LogAssemblyErrors (3ms)
			InitializePlatformSupportModulesInManaged (3ms)
			BeforeProcessingInitializeOnLoad (111ms)
			ProcessInitializeOnLoadAttributes (175ms)
			ProcessInitializeOnLoadMethodAttributes (37ms)
			AfterProcessingInitializeOnLoad (7ms)
		AwakeInstancesAfterBackupRestoration (32ms)
Starting new worker id: 0 with log in C:/Users/ethan/OneDrive/Documents/GitHub/slopgame/Logs/AssetImportWorkerHW0.log

Asset Pipeline Refresh (id=9e3e04dc6d4684948bad79a8c42195d0): Total: 2.030 seconds - Initiated by InitialRefreshV2(ForceSynchronousImport)
	(Values over 0.05ms)
	Summary:
		Imports: total=0 (actual=0, local cache=0, cache server=0)
		Asset DB Process Time: managed=0 ms, native=758 ms
		Asset DB Callback time: managed=22 ms, native=23 ms
		Scripting: domain reloads=1, domain reload time=600 ms, compile time=612 ms, other=12 ms
		Project Asset Count: scripts=174, non-scripts=64
		Asset File Changes: new=0, changed=0, moved=0, deleted=0
		Scan Filter Count: 0
	InvokePackagesCallback: 25.942ms
	ApplyChangesToAssetFolders: 0.787ms
	Scan: 29.187ms
	Collect global state as custom dependencies: 13.012ms
	CategorizeScriptCompilationAssets: 6.668ms
	ProcessAssetsWithTransientArtifactChanges: 6.806ms
	CategorizeAssets: 1.450ms
	CompileScripts: 612.333ms
	ImportOutOfDateAssets: 594.636ms (584.167ms without children)
		UnloadImportedAssets: 1.212ms
		EnsureUptoDateAssetsAreRegisteredWithGuidPM: 0.051ms
		ImportSchedulerStart: 9.202ms
	PostProcessAllAssets: 22.873ms
		MonoPostProcessAllAssets: 22.773ms
			WindowAssetPostprocessingWatcher.OnPostprocessAllAssets 8.994ms
			EditModeScopePostprocessor.OnPostprocessAllAssets 0.942ms
			SpeedTree9Postprocessor.OnPostprocessAllAssets 0.863ms
			ReferencedClipsPostProcessor.OnPostprocessAllAssets 0.298ms
			TerrainToolbarOverlayPostProcessor.OnPostprocessAllAssets 0.218ms
			AssetDatabaseCallbacks.OnPostprocessAllAssets 0.187ms
			SyncVS.PostprocessSyncProject 0.122ms
			RenderPipelineGlobalSettingsPostprocessor.OnPostprocessAllAssets 0.084ms
	UnloadStreamsBegin: 2.152ms
	Untracked: 691.633ms

Application.AssetDatabase Initial Refresh End
Launched and connected shader compiler UnityShaderCompiler.exe after 0.01 seconds
Scanning for USB devices : 4.184ms
Initializing Unity extensions:
[MODES] ModeService[none].Initialize
[MODES] ModeService[none].LoadModes
[MODES] Loading mode Default (0) for mode-current-id-Ash Below
Unloading 2 Unused Serialized files (Serialized files now loaded: 0)
Loaded scene 'Assets/Scenes/Dungeon.unity'
	Deserialize:            2.615 ms
	Integration:            7.359 ms
	Integration of assets:  0.002 ms
	Thread Wait Time:       0.028 ms
	Total Operation Time:   10.004 ms
Unloading 515 unused Assets / (0.7 MB). Loaded Objects now: 1241.
Memory consumption went from 241.8 MB to 241.1 MB.
Total: 6.617500 ms (FindLiveObjects: 0.234500 ms CreateObjectMapping: 0.029500 ms MarkObjects: 5.644900 ms  DeleteObjects: 0.519800 ms)

[LAYOUT] About to load UserSettings\Layouts\default-6000.dwlt, keepMainWindow=False
[LAYOUT] About to save layout C:\Users\ethan\OneDrive\Documents\GitHub\slopgame\UserSettings\Layouts\default-6000.dwlt
[LAYOUT] About to save layout C:/Users/ethan/AppData/Roaming/Unity/Editor-5.x/Preferences\Layouts\current\default-6000.dwlt
[MODES] ModeService[default].InitializeCurrentMode
[MODES] ModeService[default].RaiseModeChanged(default, default)
This project uses Input Manager, which is marked for deprecation. To manage input in your project, use the <a href="https://docs.unity3d.com/Packages/com.unity.inputsystem@latest">Input System package</a> instead.
<RI> Initializing input.
<RI> Input initialized.
[Project] Loading completed in 5.899 seconds
	Project init time: 				4.613 seconds
		Template init time: 		0.000 seconds
		Package Manager init time: 		0.324 seconds
		Asset Database init time: 		0.205 seconds
		Global illumination init time: 	0.003 seconds
		Assemblies load time: 			1.579 seconds
		Unity extensions init time: 	0.004 seconds
		Asset Database refresh time: 	2.030 seconds
	Scene opening time: 			1.096 seconds
##utp:{"type":"ProjectInfo","version":2,"phase":"Immediate","time":1790600616112,"processId":5656,"projectLoad":5.899413200000001,"projectInit":4.6130214,"templateInit":0.0,"packageManagerInit":0.3235194,"assetDatabaseInit":0.2048336,"globalIlluminationInit":0.0031822,"assembliesLoad":1.5790859,"unityExtensionsInit":0.0044435,"assetDatabaseRefresh":2.0301851,"sceneOpening":1.0955624}
##utp:{"type":"EditorInfo","version":2,"phase":"Immediate","time":1790600616112,"processId":5656,"editorVersion":"6000.6.3f1 (45d8eee7de74)","branch":"6000.6/staging","buildType":"Release","platform":"Windows"}
Worker ready: AssetImportWorkerHW0 0
Asset Pipeline Refresh (id=bb2f0cb0f8ea98046b207aebacab6b36): Total: 0.032 seconds - Initiated by RefreshV2(AllowForceSynchronousImport)
Start Indexing on Editor startup
[Indexing] Starting Initial Indexing for Assets
Created GICache directory at C:/Users/ethan/AppData/LocalLow/Unity/Caches/GiCache. Took: 0.012s, timestamps: [6.699 - 6.711]
[Licensing::Client] Successfully resolved entitlement details
[Licensing::Client] Successfully resolved entitlement details
[Licensing::Client] Successfully updated the access token
[Licensing::Module] Successfully updated access token: "G9n0AB4r"... (expires: 2026-09-28T14:30:14Z)
Starting new worker id: 1 with log in C:/Users/ethan/OneDrive/Documents/GitHub/slopgame/Logs/AssetImportWorkerHW1.log
[Licensing::Client] Successfully resolved entitlement details
Starting new worker id: 2 with log in C:/Users/ethan/OneDrive/Documents/GitHub/slopgame/Logs/AssetImportWorkerHW2.log
[Worker0] Imported GUID: ac27c14079f7f8071b1468fde3aff12a - Path: Assets/Scripts/DungeonHud.cs - Importer: ScriptedImporter/UnityEditor.QuickSearchModule:UnityEditor.Search:ASIAI0B -> (ImportResultId: '9a15f269d5691cf8eaa637a00fe432f1') in 0.1191567 seconds
[Worker0] Imported GUID: 993e2bd83f2f0c3708aa95fdea63de30 - Path: Assets/Scripts/BowAttack.cs - Importer: ScriptedImporter/UnityEditor.QuickSearchModule:UnityEditor.Search:ASIAI0B -> (ImportResultId: '7ba3910e5893b046e861ff37e2619dcf') in 0.0016628 seconds
[Worker0] Imported GUID: 96e01b5404f9b259bb5048c2b0b5b094 - Path: Assets/Resources/Characters/Archer.asset - Importer: ScriptedImporter/UnityEditor.QuickSearchModule:UnityEditor.Search:ASIAI0B -> (ImportResultId: 'a3c14bf9a45c7137f6eda97ffb6765ee') in 0.0440238 seconds
[Worker0] Imported GUID: 2a94541cc4058e87493b1ee08b5d8a28 - Path: Assets/Scripts/PlayerProjectile.cs - Importer: ScriptedImporter/UnityEditor.QuickSearchModule:UnityEditor.Search:ASIAI0B -> (ImportResultId: '38f40419cef5cbedbbffb22e41bb69ed') in 0.0043251 seconds
[Worker0] Imported GUID: 025865c30fa57f42b8c2e0565a2bbe2c - Path: Assets/Scripts/SwordAttack.cs - Importer: ScriptedImporter/UnityEditor.QuickSearchModule:UnityEditor.Search:ASIAI0B -> (ImportResultId: 'a309733c3dcf1dd93f12449da49b872c') in 0.0030519 seconds
[Worker0] Imported GUID: 2fd7d03574f5bb29d9d1ce6aeb609059 - Path: Assets/Scripts/MainMenu.cs - Importer: ScriptedImporter/UnityEditor.QuickSearchModule:UnityEditor.Search:ASIAI0B -> (ImportResultId: '6f627b88437341e37c745e4f4190647d') in 0.0019955 seconds
[Worker0] Imported GUID: 767b70c2c5eefff5690a6185c635f3c6 - Path: Assets/Scripts/Editor/DungeonProjectSetup.cs - Importer: ScriptedImporter/UnityEditor.QuickSearchModule:UnityEditor.Search:ASIAI0B -> (ImportResultId: '791ffb84383b1c3af77a893623476540') in 0.001293 seconds
[Worker0] Imported GUID: 163b95913dd8a7d6693216f72d233551 - Path: Assets/Scripts/IPlayerWeapon.cs - Importer: ScriptedImporter/UnityEditor.QuickSearchModule:UnityEditor.Search:ASIAI0B -> (ImportResultId: 'b4de31c22ad8d4c46ae40bdf23742228') in 0.0019688 seconds
[Worker0] Imported GUID: f64dc692b8aaca03fad7886ee09be73f - Path: Assets/Scripts/DungeonPlayer.cs - Importer: ScriptedImporter/UnityEditor.QuickSearchModule:UnityEditor.Search:ASIAI0B -> (ImportResultId: '957471aedf6fbfaeb4b11d69a1cd7056') in 0.0019645 seconds
[Worker0] Imported GUID: 2a4cefcb449d359e480a79c4116d72a4 - Path: Assets/Scripts/DungeonRun.cs - Importer: ScriptedImporter/UnityEditor.QuickSearchModule:UnityEditor.Search:ASIAI0B -> (ImportResultId: 'cbb37e4a7d8828ebf903a841e5de99c8') in 0.0019604 seconds
[Worker0] Imported GUID: 6d869144b870b499eb3cc72d761eddcd - Path: Assets/Scripts/CharacterDefinition.cs - Importer: ScriptedImporter/UnityEditor.QuickSearchModule:UnityEditor.Search:ASIAI0B -> (ImportResultId: '2b3950ad9eca43afe1f9c8613fab8b12') in 0.0025841 seconds
Worker ready: AssetImportWorkerHW1 1
Worker ready: AssetImportWorkerHW2 2
Reloading assemblies for play mode.
Reloading assemblies after forced synchronous recompile.
Begin MonoManager ReloadAssembly
Native extension for WindowsStandalone target not found
Native extension for WebGL target not found
ScheduleIndexationOnStartup MainProcess:True IndexOnStartup:True
[MODES] ModeService[none].Initialize
[MODES] ModeService[none].LoadModes
Scripting: successfully reloaded assembly
- Finished resetting the current domain, in  1.401 seconds
Domain Reload Profiling: 2000ms
	BeginReloadAssembly (386ms)
		DisableScriptedObjects (120ms)
		CreateAndSetChildDomain (90ms)
	RebuildCommonClasses (10ms)
	RebuildNativeTypeToScriptingClass (15ms)
	initialDomainReloadingComplete (46ms)
	LoadAllAssembliesAndSetupDomain (140ms)
		LoadAssemblies (116ms)
		TypeCache.Refresh (5ms)
		AnalyzeDomain (3ms)
	FinalizeReload (1402ms)
		SetupLoadedEditorAssemblies (0ms)
			BeforeProcessingInitializeOnLoad (110ms)
			ProcessInitializeOnLoadAttributes (137ms)
			ProcessInitializeOnLoadMethodAttributes (46ms)
			AfterProcessingInitializeOnLoad (6ms)
		AwakeInstancesAfterBackupRestoration (744ms)
No restricted APIs configured; Validation skipped.
Checking 2 assemblies for restricted APIs found 0 usage(s) in 4 ms

Asset Pipeline Refresh (id=cb36a8bec99e50d48ac462027f2c7778): Total: 2.171 seconds - Initiated by StopAssetImportingV2(ForceSynchronousImport | ForceDomainReload)
	(Values over 0.05ms)
	Summary:
		Imports: total=0 (actual=0, local cache=0, cache server=0)
		Asset DB Process Time: managed=0 ms, native=1456 ms
		Asset DB Callback time: managed=48 ms, native=28 ms
		Scripting: domain reloads=1, domain reload time=634 ms, compile time=3 ms, other=0 ms
		Project Asset Count: scripts=174, non-scripts=64
		Asset File Changes: new=0, changed=0, moved=0, deleted=0
		Scan Filter Count: 0
	InvokePackagesCallback: 1.920ms
	ApplyChangesToAssetFolders: 0.194ms
	Collect global state as custom dependencies: 0.919ms
	ProcessAssetsWithTransientArtifactChanges: 10.158ms
	CategorizeAssets: 1.024ms
	CompileScripts: 2.546ms
	ImportOutOfDateAssets: 1404.082ms (1402.401ms without children)
		UnloadImportedAssets: 1.322ms
		ImportSchedulerStart: 0.312ms
	PostProcessAllAssets: 73.263ms
		AssemblyValidation.PostprocessAllAssets 1.441ms
		PostProcessCallbackCreateDeferredMaterials 1.276ms
		PostprocessAssetsUpdateCachedIcon 0.848ms
		RaytracingShaderImportPostprocess 0.681ms
		ComputeShaderImportPostprocess 0.632ms
		ShaderAssetModifiedCallback 0.507ms
		SpeedTreeImporter.PostprocessAllAssets 0.496ms
		LocalizationDatabase.AssetDatabasePostprocessCallback 0.354ms
		BlockShaderImporter.PostprocessAllAssets 0.280ms
		MonoPostProcessAllAssets: 45.995ms
			BuilderAssetPostprocessor.OnPostprocessAllAssets 8.107ms
			WindowAssetPostprocessingWatcher.OnPostprocessAllAssets 7.273ms
			AssetPostprocessor.OnPostprocessAllAssets 6.436ms
			AssetChangedListener.OnPostprocessAllAssets 3.545ms
			TextAssetPostProcessor.OnPostprocessAllAssets 1.924ms
			RetainedModeAssetPostprocessor.OnPostprocessAllAssets 1.728ms
			SpeedTree9Postprocessor.OnPostprocessAllAssets 1.255ms
			ArtifactBrowserPostProcessor.OnPostprocessAllAssets 0.741ms
			AudioMixerPostprocessor.OnPostprocessAllAssets 0.539ms
			EditModeScopePostprocessor.OnPostprocessAllAssets 0.331ms
			StyleCatalogPostProcessor.OnPostprocessAllAssets 0.322ms
			ReferencedClipsPostProcessor.OnPostprocessAllAssets 0.309ms
			AssetEvents.OnPostprocessAllAssets 0.255ms
			ThemePostprocessor.OnPostprocessAllAssets 0.251ms
			ScenarioDriftAssetsTracker.OnPostprocessAllAssets 0.233ms
			SyncVS.PostprocessSyncProject 0.216ms
			ConfigAssetsTracker.OnPostprocessAllAssets 0.212ms
			SpeedTreePostProcessor.OnPostprocessAllAssets 0.202ms
			AssetDatabaseCallbacks.OnPostprocessAllAssets 0.191ms
			TerrainToolbarOverlayPostProcessor.OnPostprocessAllAssets 0.181ms
			RenderPipelineGlobalSettingsPostprocessor.OnPostprocessAllAssets 0.143ms
			AudioContainerPostProcessor.OnPostprocessAllAssets 0.142ms
	PostAssetChangesProfiler: 3.381ms
	UnloadStreamsBegin: 1.287ms
	Untracked: 655.958ms

Loaded scene 'Temp/__Backupscenes/0.backup'
	Deserialize:            0.862 ms
	Integration:            34.582 ms
	Integration of assets:  0.002 ms
	Thread Wait Time:       0.021 ms
	Total Operation Time:   35.467 ms
[Licensing::Client] Successfully resolved entitlement details
TrimDiskCacheJob: Current cache size 0mb
Unloading 4 Unused Serialized files (Serialized files now loaded: 0)
Loaded scene 'Temp/__Backupscenes/0.backup'
	Deserialize:            0.407 ms
	Integration:            11.446 ms
	Integration of assets:  0.001 ms
	Thread Wait Time:       0.016 ms
	Total Operation Time:   11.870 ms
Unloading 538 unused Assets / (17.5 MB). Loaded Objects now: 2204.
Memory consumption went from 408.9 MB to 391.4 MB.
Total: 13.712400 ms (FindLiveObjects: 0.288800 ms CreateObjectMapping: 0.023200 ms MarkObjects: 10.464100 ms  DeleteObjects: 2.803600 ms)

[Licensing::Client] Successfully resolved entitlement details
[ScriptCompilation] Requested script compilation because: AssetDatabase observed changes in script compilation related files
Starting: C:\Program Files\Unity\Hub\Editor\6000.6.3f1\Editor\Data\Tools\BuildPipeline\bee_backend.exe --ipc --defer-dag-verification --dagfile="Library/Bee/1900b0aE.dag" --continue-on-failure --profile="Library/Bee/backend1.traceevents" ScriptAssemblies
WorkingDir: C:/Users/ethan/OneDrive/Documents/GitHub/slopgame
ExitCode: 4 Duration: 0s361ms
Rebuilding DAG because FileSignature timestamp changed: Library/Bee/1900b0aE-inputdata.json
[207/222    0s] ILPP-Configuration Library/ilpp-configuration.nevergeneratedoutput
*** Tundra requires additional run (0.33 seconds), 2 items updated, 206 evaluated
Starting: C:\Program Files\Unity\Hub\Editor\6000.6.3f1\Editor\Data\DotNetSdk\dotnet.exe "C:\Program Files\Unity\Hub\Editor\6000.6.3f1\Editor\Data\Tools\BuildPipeline\ScriptCompilationBuildProgram.exe" "Library/Bee/1900b0aE.dag.json" "Library/Bee/1900b0aE-inputdata.json" "Library\Bee\buildprogram0.traceevents"
WorkingDir: C:/Users/ethan/OneDrive/Documents/GitHub/slopgame
ExitCode: 0 Duration: 0s319ms
Starting: C:\Program Files\Unity\Hub\Editor\6000.6.3f1\Editor\Data\Tools\BuildPipeline\bee_backend.exe --ipc --defer-dag-verification --dagfile="Library/Bee/1900b0aE.dag" --continue-on-failure --dagfilejson="Library\Bee\1900b0aE.dag.json" --profile="Library/Bee/backend2.traceevents" ScriptAssemblies
WorkingDir: C:/Users/ethan/OneDrive/Documents/GitHub/slopgame
ExitCode: 0 Duration: 0s916ms
Finished compiling graph: 225 nodes, 1511 flattened edges (1443 ToBuild, 12 ToUse), maximum node priority 72
[189/222    0s] WriteText Library/Bee/artifacts/1900b0aE.dag/Assembly-CSharp.rsp
[207/222    0s] ILPP-Configuration Library/ilpp-configuration.nevergeneratedoutput
[214/222    0s] Csc Library/Bee/artifacts/1900b0aE.dag/Assembly-CSharp.dll (+2 others)
[215/222    0s] ILPostProcess Library/Bee/artifacts/1900b0aE.dag/post-processed/Assembly-CSharp.dll (+pdb)
Processing assembly Library/Bee/artifacts/1900b0aE.dag/Assembly-CSharp.dll, with 148 defines and 289 references

processors: zzzUnity.Burst.CodeGen.BurstILPostProcessor

1 processor(s) skipped this assembly
[216/222    0s] CopyFiles Library/ScriptAssemblies/Assembly-CSharp.pdb
[217/222    0s] CopyFiles Library/ScriptAssemblies/Assembly-CSharp.dll
[218/222    0s] Csc Library/Bee/artifacts/1900b0aE.dag/Assembly-CSharp-Editor.dll (+2 others)
Assets\Scripts\Editor\DungeonProjectSetup.cs(70,27): warning CS0618: 'Object.FindFirstObjectByType<T>()' is obsolete: 'FindFirstObjectByType has been deprecated because it relies on instance ID ordering. Use FindAnyObjectByType instead, which does not depend on ordering.'

Assets\Scripts\Editor\DungeonProjectSetup.cs(104,79): warning CS0618: 'FindObjectsSortMode' is obsolete: 'FindObjectsSortMode has been deprecated. Use the FindObjectsByType overloads that do not take a FindObjectsSortMode parameter.'

Assets\Scripts\Editor\DungeonProjectSetup.cs(104,25): warning CS0618: 'Object.FindObjectsByType<T>(FindObjectsSortMode)' is obsolete: 'FindObjectsByType with FindObjectsSortMode parameter has been deprecated. Use FindObjectsByType<T>() or FindObjectsByType<T>(FindObjectsInactive) instead. InstanceID will be replaced in the future with EntityId and previous sort order cannot be maintained.'

Assets\Scripts\Editor\DungeonProjectSetup.cs(271,85): warning CS0618: 'FindObjectsSortMode' is obsolete: 'FindObjectsSortMode has been deprecated. Use the FindObjectsByType overloads that do not take a FindObjectsSortMode parameter.'

Assets\Scripts\Editor\DungeonProjectSetup.cs(271,30): warning CS0618: 'Object.FindObjectsByType<T>(FindObjectsSortMode)' is obsolete: 'FindObjectsByType with FindObjectsSortMode parameter has been deprecated. Use FindObjectsByType<T>() or FindObjectsByType<T>(FindObjectsInactive) instead. InstanceID will be replaced in the future with EntityId and previous sort order cannot be maintained.'

Assets\Scripts\Editor\DungeonProjectSetup.cs(287,85): warning CS0618: 'FindObjectsSortMode' is obsolete: 'FindObjectsSortMode has been deprecated. Use the FindObjectsByType overloads that do not take a FindObjectsSortMode parameter.'

Assets\Scripts\Editor\DungeonProjectSetup.cs(287,30): warning CS0618: 'Object.FindObjectsByType<T>(FindObjectsSortMode)' is obsolete: 'FindObjectsByType with FindObjectsSortMode parameter has been deprecated. Use FindObjectsByType<T>() or FindObjectsByType<T>(FindObjectsInactive) instead. InstanceID will be replaced in the future with EntityId and previous sort order cannot be maintained.'

Assets\Scripts\Editor\DungeonProjectSetup.cs(319,72): warning CS0618: 'FindObjectsSortMode' is obsolete: 'FindObjectsSortMode has been deprecated. Use the FindObjectsByType overloads that do not take a FindObjectsSortMode parameter.'

Assets\Scripts\Editor\DungeonProjectSetup.cs(319,17): warning CS0618: 'Object.FindObjectsByType<T>(FindObjectsSortMode)' is obsolete: 'FindObjectsByType with FindObjectsSortMode parameter has been deprecated. Use FindObjectsByType<T>() or FindObjectsByType<T>(FindObjectsInactive) instead. InstanceID will be replaced in the future with EntityId and previous sort order cannot be maintained.'
[219/222    0s] ILPostProcess Library/Bee/artifacts/1900b0aE.dag/post-processed/Assembly-CSharp-Editor.dll (+pdb)
Processing assembly Library/Bee/artifacts/1900b0aE.dag/Assembly-CSharp-Editor.dll, with 146 defines and 302 references

processors: zzzUnity.Burst.CodeGen.BurstILPostProcessor

1 processor(s) skipped this assembly
[220/222    0s] CopyFiles Library/ScriptAssemblies/Assembly-CSharp-Editor.pdb
[221/222    0s] CopyFiles Library/ScriptAssemblies/Assembly-CSharp-Editor.dll
*** Tundra build success (0.89 seconds), 10 items updated, 222 evaluated
Assets\Scripts\Editor\DungeonProjectSetup.cs(70,27): warning CS0618: 'Object.FindFirstObjectByType<T>()' is obsolete: 'FindFirstObjectByType has been deprecated because it relies on instance ID ordering. Use FindAnyObjectByType instead, which does not depend on ordering.'
Assets\Scripts\Editor\DungeonProjectSetup.cs(104,79): warning CS0618: 'FindObjectsSortMode' is obsolete: 'FindObjectsSortMode has been deprecated. Use the FindObjectsByType overloads that do not take a FindObjectsSortMode parameter.'
Assets\Scripts\Editor\DungeonProjectSetup.cs(104,25): warning CS0618: 'Object.FindObjectsByType<T>(FindObjectsSortMode)' is obsolete: 'FindObjectsByType with FindObjectsSortMode parameter has been deprecated. Use FindObjectsByType<T>() or FindObjectsByType<T>(FindObjectsInactive) instead. InstanceID will be replaced in the future with EntityId and previous sort order cannot be maintained.'
Assets\Scripts\Editor\DungeonProjectSetup.cs(271,85): warning CS0618: 'FindObjectsSortMode' is obsolete: 'FindObjectsSortMode has been deprecated. Use the FindObjectsByType overloads that do not take a FindObjectsSortMode parameter.'
Assets\Scripts\Editor\DungeonProjectSetup.cs(271,30): warning CS0618: 'Object.FindObjectsByType<T>(FindObjectsSortMode)' is obsolete: 'FindObjectsByType with FindObjectsSortMode parameter has been deprecated. Use FindObjectsByType<T>() or FindObjectsByType<T>(FindObjectsInactive) instead. InstanceID will be replaced in the future with EntityId and previous sort order cannot be maintained.'
Assets\Scripts\Editor\DungeonProjectSetup.cs(287,85): warning CS0618: 'FindObjectsSortMode' is obsolete: 'FindObjectsSortMode has been deprecated. Use the FindObjectsByType overloads that do not take a FindObjectsSortMode parameter.'
Assets\Scripts\Editor\DungeonProjectSetup.cs(287,30): warning CS0618: 'Object.FindObjectsByType<T>(FindObjectsSortMode)' is obsolete: 'FindObjectsByType with FindObjectsSortMode parameter has been deprecated. Use FindObjectsByType<T>() or FindObjectsByType<T>(FindObjectsInactive) instead. InstanceID will be replaced in the future with EntityId and previous sort order cannot be maintained.'
Assets\Scripts\Editor\DungeonProjectSetup.cs(319,72): warning CS0618: 'FindObjectsSortMode' is obsolete: 'FindObjectsSortMode has been deprecated. Use the FindObjectsByType overloads that do not take a FindObjectsSortMode parameter.'
Assets\Scripts\Editor\DungeonProjectSetup.cs(319,17): warning CS0618: 'Object.FindObjectsByType<T>(FindObjectsSortMode)' is obsolete: 'FindObjectsByType with FindObjectsSortMode parameter has been deprecated. Use FindObjectsByType<T>() or FindObjectsByType<T>(FindObjectsInactive) instead. InstanceID will be replaced in the future with EntityId and previous sort order cannot be maintained.'
Total cache size 25569132
Total cache size after purge 25569132, took 00:00:00.0370434
Reloading assemblies after forced synchronous recompile.
Begin MonoManager ReloadAssembly
Native extension for WindowsStandalone target not found
Native extension for WebGL target not found
[MODES] ModeService[none].Initialize
[MODES] ModeService[none].LoadModes
ScheduleIndexationOnStartup MainProcess:True IndexOnStartup:True
Scripting: successfully reloaded assembly
- Finished resetting the current domain, in  1.670 seconds
Domain Reload Profiling: 2423ms
	BeginReloadAssembly (484ms)
		DisableScriptedObjects (136ms)
		CreateAndSetChildDomain (126ms)
	RebuildCommonClasses (11ms)
	RebuildNativeTypeToScriptingClass (18ms)
	initialDomainReloadingComplete (58ms)
	LoadAllAssembliesAndSetupDomain (180ms)
		LoadAssemblies (136ms)
		TypeCache.Refresh (8ms)
		AnalyzeDomain (17ms)
			BuildScriptInfoCaches (15ms)
	FinalizeReload (1671ms)
		SetupLoadedEditorAssemblies (0ms)
			InitializePlatformSupportModulesInManaged (3ms)
			BeforeProcessingInitializeOnLoad (180ms)
			ProcessInitializeOnLoadAttributes (157ms)
			ProcessInitializeOnLoadMethodAttributes (56ms)
			AfterProcessingInitializeOnLoad (7ms)
		AwakeInstancesAfterBackupRestoration (819ms)

Asset Pipeline Refresh (id=260ae5e31b05ec344a7b777d1dfd81f4): Total: 4.519 seconds - Initiated by RefreshV2(AllowForceSynchronousImport)
	(Values over 0.05ms)
	Summary:
		Imports: total=0 (actual=0, local cache=0, cache server=0)
		Asset DB Process Time: managed=0 ms, native=1741 ms
		Asset DB Callback time: managed=45 ms, native=1 ms
		Scripting: domain reloads=1, domain reload time=807 ms, compile time=1923 ms, other=0 ms
		Project Asset Count: scripts=174, non-scripts=64
		Asset File Changes: new=3, changed=12, moved=0, deleted=0
		Scan Filter Count: 0
	InvokePackagesCallback: 2.049ms
	ApplyChangesToAssetFolders: 0.253ms
	Scan: 6.972ms
	Collect global state as custom dependencies: 2.429ms
	OnSourceAssetsModified: 0.849ms
	CategorizeScriptCompilationAssets: 0.060ms
	ProcessAssetsWithTransientArtifactChanges: 0.936ms
	CategorizeAssets: 1.023ms
	CompileScripts: 1922.544ms
	ImportOutOfDateAssets: 1672.955ms (1672.415ms without children)
		UnloadImportedAssets: 0.120ms
		ImportSchedulerStart: 0.378ms
	PostProcessAllAssets: 43.047ms
		PostProcessCallbackCreateDeferredMaterials 0.069ms
		VersionControlSettings.HiddenFilePostprocess 0.065ms
		MonoPostProcessAllAssets: 42.184ms
			AssetChangedListener.OnPostprocessAllAssets 7.573ms
			WindowAssetPostprocessingWatcher.OnPostprocessAllAssets 6.666ms
			BuilderAssetPostprocessor.OnPostprocessAllAssets 5.961ms
			AssetPostprocessor.OnPostprocessAllAssets 5.160ms
			RetainedModeAssetPostprocessor.OnPostprocessAllAssets 1.868ms
			SpeedTree9Postprocessor.OnPostprocessAllAssets 1.388ms
			EditModeScopePostprocessor.OnPostprocessAllAssets 0.890ms
			TextAssetPostProcessor.OnPostprocessAllAssets 0.761ms
			ArtifactBrowserPostProcessor.OnPostprocessAllAssets 0.558ms
			AudioMixerPostprocessor.OnPostprocessAllAssets 0.311ms
			SpeedTreePostProcessor.OnPostprocessAllAssets 0.299ms
			StyleCatalogPostProcessor.OnPostprocessAllAssets 0.283ms
			ReferencedClipsPostProcessor.OnPostprocessAllAssets 0.275ms
			TerrainToolbarOverlayPostProcessor.OnPostprocessAllAssets 0.262ms
			AssetEvents.OnPostprocessAllAssets 0.260ms
			SyncVS.PostprocessSyncProject 0.201ms
			ThemePostprocessor.OnPostprocessAllAssets 0.189ms
			AssetDatabaseCallbacks.OnPostprocessAllAssets 0.158ms
			ScenarioDriftAssetsTracker.OnPostprocessAllAssets 0.139ms
			ConfigAssetsTracker.OnPostprocessAllAssets 0.139ms
			AudioContainerPostProcessor.OnPostprocessAllAssets 0.092ms
			RenderPipelineGlobalSettingsPostprocessor.OnPostprocessAllAssets 0.089ms
	PostAssetChangesProfiler: 3.086ms
	Untracked: 838.554ms

[Licensing::Client] Successfully resolved entitlement details
Reloading assemblies for play mode.
Reloading assemblies after forced synchronous recompile.
Begin MonoManager ReloadAssembly
Native extension for WindowsStandalone target not found
Native extension for WebGL target not found
ScheduleIndexationOnStartup MainProcess:True IndexOnStartup:True
[MODES] ModeService[none].Initialize
[MODES] ModeService[none].LoadModes
Scripting: successfully reloaded assembly
- Finished resetting the current domain, in  1.418 seconds
Domain Reload Profiling: 2009ms
	BeginReloadAssembly (380ms)
		DisableScriptedObjects (115ms)
		CreateAndSetChildDomain (88ms)
	RebuildCommonClasses (10ms)
	RebuildNativeTypeToScriptingClass (15ms)
	initialDomainReloadingComplete (48ms)
	LoadAllAssembliesAndSetupDomain (136ms)
		LoadAssemblies (115ms)
		TypeCache.Refresh (4ms)
		AnalyzeDomain (2ms)
	FinalizeReload (1418ms)
		SetupLoadedEditorAssemblies (0ms)
			BeforeProcessingInitializeOnLoad (107ms)
			ProcessInitializeOnLoadAttributes (130ms)
			ProcessInitializeOnLoadMethodAttributes (53ms)
			AfterProcessingInitializeOnLoad (7ms)
		AwakeInstancesAfterBackupRestoration (740ms)

Asset Pipeline Refresh (id=4d214a159293b78488b387fa1dd8e6e3): Total: 2.106 seconds - Initiated by StopAssetImportingV2(ForceSynchronousImport | ForceDomainReload)
	(Values over 0.05ms)
	Summary:
		Imports: total=0 (actual=0, local cache=0, cache server=0)
		Asset DB Process Time: managed=0 ms, native=1464 ms
		Asset DB Callback time: managed=17 ms, native=0 ms
		Scripting: domain reloads=1, domain reload time=621 ms, compile time=2 ms, other=0 ms
		Project Asset Count: scripts=174, non-scripts=64
		Asset File Changes: new=0, changed=0, moved=0, deleted=0
		Scan Filter Count: 0
	InvokePackagesCallback: 1.482ms
	ApplyChangesToAssetFolders: 0.152ms
	Collect global state as custom dependencies: 0.772ms
	CategorizeAssets: 0.990ms
	CompileScripts: 2.255ms
	ImportOutOfDateAssets: 1419.391ms (1418.924ms without children)
		UnloadImportedAssets: 0.144ms
		ImportSchedulerStart: 0.281ms
	PostProcessAllAssets: 17.698ms
		MonoPostProcessAllAssets: 17.693ms
			AssetChangedListener.OnPostprocessAllAssets 7.573ms
			WindowAssetPostprocessingWatcher.OnPostprocessAllAssets 6.532ms
			BuilderAssetPostprocessor.OnPostprocessAllAssets 5.961ms
			AssetPostprocessor.OnPostprocessAllAssets 5.160ms
			RetainedModeAssetPostprocessor.OnPostprocessAllAssets 1.868ms
			TextAssetPostProcessor.OnPostprocessAllAssets 0.761ms
			SpeedTree9Postprocessor.OnPostprocessAllAssets 0.759ms
			ArtifactBrowserPostProcessor.OnPostprocessAllAssets 0.558ms
			EditModeScopePostprocessor.OnPostprocessAllAssets 0.387ms
			AudioMixerPostprocessor.OnPostprocessAllAssets 0.311ms
			SpeedTreePostProcessor.OnPostprocessAllAssets 0.299ms
			StyleCatalogPostProcessor.OnPostprocessAllAssets 0.283ms
			AssetEvents.OnPostprocessAllAssets 0.260ms
			ReferencedClipsPostProcessor.OnPostprocessAllAssets 0.252ms
			ThemePostprocessor.OnPostprocessAllAssets 0.189ms
			TerrainToolbarOverlayPostProcessor.OnPostprocessAllAssets 0.149ms
			SyncVS.PostprocessSyncProject 0.144ms
			AssetDatabaseCallbacks.OnPostprocessAllAssets 0.143ms
			ScenarioDriftAssetsTracker.OnPostprocessAllAssets 0.139ms
			ConfigAssetsTracker.OnPostprocessAllAssets 0.139ms
			AudioContainerPostProcessor.OnPostprocessAllAssets 0.092ms
			RenderPipelineGlobalSettingsPostprocessor.OnPostprocessAllAssets 0.081ms
	Untracked: 644.375ms

Loaded scene 'Temp/__Backupscenes/0.backup'
	Deserialize:            0.506 ms
	Integration:            23.674 ms
	Integration of assets:  0.001 ms
	Thread Wait Time:       0.015 ms
	Total Operation Time:   24.196 ms
[Licensing::Client] Successfully resolved entitlement details
Unloading 2 Unused Serialized files (Serialized files now loaded: 0)
Loaded scene 'Temp/__Backupscenes/0.backup'
	Deserialize:            0.482 ms
	Integration:            10.846 ms
	Integration of assets:  0.001 ms
	Thread Wait Time:       0.015 ms
	Total Operation Time:   11.344 ms
Unloading 16 unused Assets / (390.4 KB). Loaded Objects now: 2211.
Memory consumption went from 407.5 MB to 407.2 MB.
Total: 9.752100 ms (FindLiveObjects: 0.257100 ms CreateObjectMapping: 0.017200 ms MarkObjects: 9.302400 ms  DeleteObjects: 0.044800 ms)

[Licensing::Client] Successfully resolved entitlement details
Asset Pipeline Refresh (id=294503c31da58b342812f3c08b7dc494): Total: 0.017 seconds - Initiated by RefreshV2(AllowForceSynchronousImport)
MonoPathRemapper: Attempts to remap: 6319; Successful remaps: 1170
Serialized file version minimum: 23, current 23
[LAYOUT] About to save layout C:\Users\ethan\OneDrive\Documents\GitHub\slopgame\UserSettings\Layouts\default-6000.dwlt
[LAYOUT] About to save layout C:/Users/ethan/AppData/Roaming/Unity/Editor-5.x/Preferences\Layouts\current\default-6000.dwlt
[Physics::Module] Cleanup current backend.
[Physics::Module] Id: 0xf2b8ea05
Input System module state changed to: ShutdownInProgress.
Input Polling Thread exited.
Input System module state changed to: Shutdown.
[Licensing::IpcConnector] LicenseClient-ethan-notifications channel disconnected successfully.
[Licensing::IpcConnector] LicenseClient-ethan channel disconnected successfully.
Lingering sessions upon destruction of worker manager
Unity Data Store service was successfully shut down
UDS shutting down local client system
Shut down UDS service system complete
AcceleratorClientConnectionCallback - disconnected - :0
Cleanup mono
CodeReloadManager destroyed
abort_threads: Failed aborting id: 0000000000007FFC, mono_thread_manage will ignore it

abort_threads: Failed aborting id: 0000000000002F40, mono_thread_manage will ignore it

abort_threads: Failed aborting id: 0000000000007FFC, mono_thread_manage will ignore it

abort_threads: Failed aborting id: 0000000000002F40, mono_thread_manage will ignore it

debugger-agent: Unable to listen on 4100
VBCSCompilerPreWarmer: requested VBCSCompiler shutdown
Checking for leaked weakptr:
  Found no leaked weakptrs.
[Package Manager] Server process was shutdown
##utp:{"type":"MemoryLeaks","version":2,"phase":"Immediate","time":1790600927672,"processId":5656,"allocatedMemory":11555791,"memoryLabels":[{"Default":178444},{"Permanent":15516},{"NewDelete":70733},{"Thread":4196168},{"Manager":32605},{"VertexData":8},{"Geometry":816},{"Texture":24},{"Shader":847153},{"Material":68},{"GfxDevice":55968},{"Animation":952},{"Audio":896},{"FreeType":8},{"FontEngine":736},{"Physics":1970},{"Physics2D":16},{"Serialization":16640},{"Input":42840},{"JobScheduler":256},{"TextLib":19030},{"Mono":48},{"ScriptingNativeRuntime":1210712},{"BaseObject":50768},{"Resource":1252},{"Renderer":2376},{"Transform":4685},{"File":7385},{"WebCam":616},{"Culling":32},{"Terrain":11442},{"Wind":24},{"STL":40},{"String":866740},{"StaticString":3808},{"Utility":2674426},{"Curl":48},{"PoolAlloc":2168},{"AI":80},{"TypeTree":130828},{"ScriptManager":31640},{"CodeReload":448},{"RuntimeInitializeOnLoadManager":64},{"Sprites":102},{"SpriteAtlas":120},{"GI":7816},{"Director":8296},{"CloudService":8016},{"WebRequest":4579},{"VR":49650},{"SceneManager":608},{"Video":208},{"LazyScriptCache":32},{"Camera":729},{"Secure":265},{"SerializationCache":9256},{"APIUpdating":10320},{"Subsystems":336},{"VirtualTexturing":57888},{"StaticSafetyDebugInfo":278528},{"Analytics":768},{"Hierarchy":1188},{"UIElements":40},{"CoreStats":14456},{"Identifiers":7152},{"Gui":189},{"EditorUtility":116332},{"VersionControl":8},{"Undo":931},{"AssetDatabase":431157},{"AssetImporter":40},{"EditorGi":328},{"UnityConnect":36881},{"Upm":1988},{"UpmDiagnostics":8},{"AssetCompliance":96},{"DrivenProperties":72},{"LocalIPC":260},{"ProfilerEditor":9746},{"CoreBusinessMetrics":3600},{"Windowing":456},{"Licensing":12805},{"AssetReference":32},{"IPCStream":32}]}
